
Merging program properties


As-needed library included to satisfy reference by file (symbol)

libxerces-c.so.28             LINUX/depdom/DOM_DOMImplementation.o (xercesc_2_8::XMLRegisterCleanup::registerCleanup(void (*)()))
libstdc++.so.6                LINUX/depdom/DOMParser.o (vtable for __cxxabiv1::__vmi_class_type_info@@CXXABI_1.3)
libgcc_s.so.1                 LINUX/depdom/AttrImpl.o (_Unwind_Resume@@GCC_3.0)
libc.so.6                     LINUX/depdom/DomMemDebug.o (__printf_chk@@GLIBC_2.3.4)

Discarded input sections

 .note.GNU-stack
                0x0000000000000000        0x0 /usr/lib/gcc/x86_64-linux-gnu/11/../../../x86_64-linux-gnu/crti.o
 .note.GNU-stack
                0x0000000000000000        0x0 /usr/lib/gcc/x86_64-linux-gnu/11/crtbeginS.o
 .note.gnu.property
                0x0000000000000000       0x20 /usr/lib/gcc/x86_64-linux-gnu/11/crtbeginS.o
 .group         0x0000000000000000        0xc LINUX/depdom/AttrImpl.o
 .group         0x0000000000000000       0x10 LINUX/depdom/AttrImpl.o
 .group         0x0000000000000000       0x14 LINUX/depdom/AttrImpl.o
 .group         0x0000000000000000        0xc LINUX/depdom/AttrImpl.o
 .group         0x0000000000000000        0xc LINUX/depdom/AttrImpl.o
 .group         0x0000000000000000        0x8 LINUX/depdom/AttrImpl.o
 .group         0x0000000000000000        0xc LINUX/depdom/AttrImpl.o
 .group         0x0000000000000000        0x8 LINUX/depdom/AttrImpl.o
 .group         0x0000000000000000        0xc LINUX/depdom/AttrImpl.o
 .group         0x0000000000000000        0x8 LINUX/depdom/AttrImpl.o
 .group         0x0000000000000000        0xc LINUX/depdom/AttrImpl.o
 .group         0x0000000000000000        0xc LINUX/depdom/AttrImpl.o
 .group         0x0000000000000000        0xc LINUX/depdom/AttrImpl.o
 .group         0x0000000000000000        0xc LINUX/depdom/AttrImpl.o
 .group         0x0000000000000000        0xc LINUX/depdom/AttrImpl.o
 .note.GNU-stack
                0x0000000000000000        0x0 LINUX/depdom/AttrImpl.o
 .note.gnu.property
                0x0000000000000000       0x20 LINUX/depdom/AttrImpl.o
 .group         0x0000000000000000        0x8 LINUX/depdom/AttrMapImpl.o
 .group         0x0000000000000000        0x8 LINUX/depdom/AttrMapImpl.o
 .group         0x0000000000000000       0x10 LINUX/depdom/AttrMapImpl.o
 .group         0x0000000000000000        0x8 LINUX/depdom/AttrMapImpl.o
 .group         0x0000000000000000        0xc LINUX/depdom/AttrMapImpl.o
 .group         0x0000000000000000        0x8 LINUX/depdom/AttrMapImpl.o
 .group         0x0000000000000000        0xc LINUX/depdom/AttrMapImpl.o
 .group         0x0000000000000000        0xc LINUX/depdom/AttrMapImpl.o
 .group         0x0000000000000000        0xc LINUX/depdom/AttrMapImpl.o
 .group         0x0000000000000000        0xc LINUX/depdom/AttrMapImpl.o
 .text._ZN11xercesc_2_810XMLDeleterD2Ev
                0x0000000000000000        0x5 LINUX/depdom/AttrMapImpl.o
 .text._ZN11xercesc_2_810XMLDeleterD0Ev
                0x0000000000000000        0xe LINUX/depdom/AttrMapImpl.o
 .rodata._ZTSN11xercesc_2_810XMLDeleterE
                0x0000000000000000       0x1c LINUX/depdom/AttrMapImpl.o
 .data.rel.ro._ZTIN11xercesc_2_810XMLDeleterE
                0x0000000000000000       0x10 LINUX/depdom/AttrMapImpl.o
 .data.rel.ro._ZTVN11xercesc_2_810XMLDeleterE
                0x0000000000000000       0x20 LINUX/depdom/AttrMapImpl.o
 .data.rel.local.DW.ref.__gxx_personality_v0
                0x0000000000000000        0x8 LINUX/depdom/AttrMapImpl.o
 .note.GNU-stack
                0x0000000000000000        0x0 LINUX/depdom/AttrMapImpl.o
 .note.gnu.property
                0x0000000000000000       0x20 LINUX/depdom/AttrMapImpl.o
 .group         0x0000000000000000       0x10 LINUX/depdom/AttrNSImpl.o
 .group         0x0000000000000000       0x14 LINUX/depdom/AttrNSImpl.o
 .group         0x0000000000000000        0x8 LINUX/depdom/AttrNSImpl.o
 .group         0x0000000000000000        0xc LINUX/depdom/AttrNSImpl.o
 .group         0x0000000000000000        0x8 LINUX/depdom/AttrNSImpl.o
 .group         0x0000000000000000        0xc LINUX/depdom/AttrNSImpl.o
 .group         0x0000000000000000        0xc LINUX/depdom/AttrNSImpl.o
 .group         0x0000000000000000        0xc LINUX/depdom/AttrNSImpl.o
 .group         0x0000000000000000        0xc LINUX/depdom/AttrNSImpl.o
 .text._ZN11xercesc_2_810XMLDeleterD2Ev
                0x0000000000000000        0x5 LINUX/depdom/AttrNSImpl.o
 .text._ZN11xercesc_2_810XMLDeleterD0Ev
                0x0000000000000000        0xe LINUX/depdom/AttrNSImpl.o
 .rodata._ZTSN11xercesc_2_810XMLDeleterE
                0x0000000000000000       0x1c LINUX/depdom/AttrNSImpl.o
 .data.rel.ro._ZTIN11xercesc_2_810XMLDeleterE
                0x0000000000000000       0x10 LINUX/depdom/AttrNSImpl.o
 .data.rel.ro._ZTVN11xercesc_2_810XMLDeleterE
                0x0000000000000000       0x20 LINUX/depdom/AttrNSImpl.o
 .data.rel.local.DW.ref.__gxx_personality_v0
[...]
Memory Configuration

Name             Origin             Length             Attributes
*default*        0x0000000000000000 0xffffffffffffffff

Linker script and memory map

LOAD /usr/lib/gcc/x86_64-linux-gnu/11/../../../x86_64-linux-gnu/crti.o
LOAD /usr/lib/gcc/x86_64-linux-gnu/11/crtbeginS.o
LOAD LINUX/depdom/AttrImpl.o
LOAD LINUX/depdom/AttrMapImpl.o
LOAD LINUX/depdom/AttrNSImpl.o
LOAD LINUX/depdom/CDATASectionImpl.o
LOAD LINUX/depdom/CharacterDataImpl.o
LOAD LINUX/depdom/ChildNode.o
LOAD LINUX/depdom/CommentImpl.o
LOAD LINUX/depdom/DeepNodeListImpl.o
LOAD LINUX/depdom/DocumentFragmentImpl.o
LOAD LINUX/depdom/DocumentImpl.o
LOAD LINUX/depdom/DocumentTypeImpl.o
LOAD LINUX/depdom/DOM_Attr.o
LOAD LINUX/depdom/DOM_CDATASection.o
LOAD LINUX/depdom/DOM_CharacterData.o
LOAD LINUX/depdom/DOM_Comment.o
LOAD LINUX/depdom/DOM_DocumentFragment.o
LOAD LINUX/depdom/DOM_Document.o
LOAD LINUX/depdom/DOM_DocumentType.o
LOAD LINUX/depdom/DOM_DOMException.o
LOAD LINUX/depdom/DOM_DOMImplementation.o
LOAD LINUX/depdom/DOM_Element.o
LOAD LINUX/depdom/DOM_Entity.o
LOAD LINUX/depdom/DOM_EntityReference.o
LOAD LINUX/depdom/DomMemDebug.o
LOAD LINUX/depdom/DOM_NamedNodeMap.o
LOAD LINUX/depdom/DOM_NodeFilter.o
LOAD LINUX/depdom/DOM_NodeIterator.o
LOAD LINUX/depdom/DOM_NodeList.o
LOAD LINUX/depdom/DOM_Node.o
LOAD LINUX/depdom/DOM_Notation.o
LOAD LINUX/depdom/DOMParser.o
LOAD LINUX/depdom/DOM_ProcessingInstruction.o
LOAD LINUX/depdom/DOM_RangeException.o
LOAD LINUX/depdom/DOM_Range.o
LOAD LINUX/depdom/DOMString.o
LOAD LINUX/depdom/DOM_Text.o
LOAD LINUX/depdom/DOM_TreeWalker.o
LOAD LINUX/depdom/DOM_XMLDecl.o
LOAD LINUX/depdom/DStringPool.o
LOAD LINUX/depdom/ElementDefinitionImpl.o
LOAD LINUX/depdom/ElementImpl.o
LOAD LINUX/depdom/ElementNSImpl.o
LOAD LINUX/depdom/EntityImpl.o
LOAD LINUX/depdom/EntityReferenceImpl.o
LOAD LINUX/depdom/NamedNodeMapImpl.o
LOAD LINUX/depdom/NodeIDMap.o
LOAD LINUX/depdom/NodeImpl.o
LOAD LINUX/depdom/NodeIteratorImpl.o
LOAD LINUX/depdom/NodeListImpl.o
LOAD LINUX/depdom/NodeVector.o
LOAD LINUX/depdom/NotationImpl.o
LOAD LINUX/depdom/ParentNode.o
LOAD LINUX/depdom/ProcessingInstructionImpl.o
LOAD LINUX/depdom/RangeImpl.o
LOAD LINUX/depdom/RefCountedImpl.o
LOAD LINUX/depdom/TextImpl.o
LOAD LINUX/depdom/TreeWalkerImpl.o
LOAD LINUX/depdom/XMLDeclImpl.o
LOAD /usr/lib/gcc/x86_64-linux-gnu/11/../../../x86_64-linux-gnu/libpthread.a
LOAD /home/alireza/Desktop/Work/Codes/GrainsGPU/XERCES-2.8.0/lib/libxerces-c.so
LOAD /usr/lib/gcc/x86_64-linux-gnu/11/libstdc++.so
LOAD /usr/lib/gcc/x86_64-linux-gnu/11/../../../x86_64-linux-gnu/libm.so
START GROUP
LOAD /lib/x86_64-linux-gnu/libm.so.6
LOAD /lib/x86_64-linux-gnu/libmvec.so.1
END GROUP
LOAD /usr/lib/gcc/x86_64-linux-gnu/11/libgcc_s.so
START GROUP
LOAD /usr/lib/gcc/x86_64-linux-gnu/11/../../../x86_64-linux-gnu/libgcc_s.so.1
LOAD /usr/lib/gcc/x86_64-linux-gnu/11/libgcc.a
END GROUP
LOAD /usr/lib/gcc/x86_64-linux-gnu/11/../../../x86_64-linux-gnu/libc.so
START GROUP
LOAD /lib/x86_64-linux-gnu/libc.so.6
LOAD /usr/lib/x86_64-linux-gnu/libc_nonshared.a
LOAD /lib64/ld-linux-x86-64.so.2
END GROUP
LOAD /usr/lib/gcc/x86_64-linux-gnu/11/libgcc_s.so
START GROUP
LOAD /usr/lib/gcc/x86_64-linux-gnu/11/../../../x86_64-linux-gnu/libgcc_s.so.1
LOAD /usr/lib/gcc/x86_64-linux-gnu/11/libgcc.a
END GROUP
LOAD /usr/lib/gcc/x86_64-linux-gnu/11/crtendS.o
LOAD /usr/lib/gcc/x86_64-linux-gnu/11/../../../x86_64-linux-gnu/crtn.o
                0x00000000000002a8                . = (SEGMENT_START ("text-segment", 0x0) + SIZEOF_HEADERS)

.note.gnu.property
                0x00000000000002a8       0x20
 .note.gnu.property
                0x00000000000002a8       0x20 /usr/lib/gcc/x86_64-linux-gnu/11/../../../x86_64-linux-gnu/crti.o

.note.gnu.build-id
                0x00000000000002c8       0x24
 *(.note.gnu.build-id)
 .note.gnu.build-id
                0x00000000000002c8       0x24 /usr/lib/gcc/x86_64-linux-gnu/11/../../../x86_64-linux-gnu/crti.o

.hash
 *(.hash)

.gnu.hash       0x00000000000002f0     0x3098
 *(.gnu.hash)
 .gnu.hash      0x00000000000002f0     0x3098 /usr/lib/gcc/x86_64-linux-gnu/11/../../../x86_64-linux-gnu/crti.o

.dynsym         0x0000000000003388     0x9ed0
 *(.dynsym)
 .dynsym        0x0000000000003388     0x9ed0 /usr/lib/gcc/x86_64-linux-gnu/11/../../../x86_64-linux-gnu/crti.o

.dynstr         0x000000000000d258    0x1413f
 *(.dynstr)
 .dynstr        0x000000000000d258    0x1413f /usr/lib/gcc/x86_64-linux-gnu/11/../../../x86_64-linux-gnu/crti.o

.gnu.version    0x0000000000021398      0xd3c
 *(.gnu.version)
 .gnu.version   0x0000000000021398      0xd3c /usr/lib/gcc/x86_64-linux-gnu/11/../../../x86_64-linux-gnu/crti.o

.gnu.version_d  0x00000000000220d8        0x0
 *(.gnu.version_d)
 .gnu.version_d
                0x00000000000220d8        0x0 /usr/lib/gcc/x86_64-linux-gnu/11/../../../x86_64-linux-gnu/crti.o

.gnu.version_r  0x00000000000220d8       0xb0
 *(.gnu.version_r)
 .gnu.version_r
                0x00000000000220d8       0xb0 /usr/lib/gcc/x86_64-linux-gnu/11/../../../x86_64-linux-gnu/crti.o

.rela.dyn       0x0000000000022188     0xa2d8
 *(.rela.init)
 *(.rela.text .rela.text.* .rela.gnu.linkonce.t.*)
 .rela.text     0x0000000000022188        0x0 /usr/lib/gcc/x86_64-linux-gnu/11/../../../x86_64-linux-gnu/crti.o
 *(.rela.fini)
 *(.rela.rodata .rela.rodata.* .rela.gnu.linkonce.r.*)
 *(.rela.data .rela.data.* .rela.gnu.linkonce.d.*)
 .rela.data.rel.local
                0x0000000000022188       0x18 /usr/lib/gcc/x86_64-linux-gnu/11/../../../x86_64-linux-gnu/crti.o
 .rela.data.rel.ro._ZTIN11xercesc_2_88AttrImplE
                0x00000000000221a0       0x48 /usr/lib/gcc/x86_64-linux-gnu/11/../../../x86_64-linux-gnu/crti.o
 .rela.data.rel.ro._ZTIN11xercesc_2_830ArrayIndexOutOfBoundsExceptionE
                0x00000000000221e8       0x48 /usr/lib/gcc/x86_64-linux-gnu/11/../../../x86_64-linux-gnu/crti.o
 .rela.data.rel.ro._ZTIN11xercesc_2_810XMLDeleterE
                0x0000000000022230       0x30 /usr/lib/gcc/x86_64-linux-gnu/11/../../../x86_64-linux-gnu/crti.o
 .rela.data.rel.ro._ZTVN11xercesc_2_830ArrayIndexOutOfBoundsExceptionE
                0x0000000000022260       0x78 /usr/lib/gcc/x86_64-linux-gnu/11/../../../x86_64-linux-gnu/crti.o
 .rela.data.rel.ro._ZTVN11xercesc_2_810XMLDeleterE
                0x00000000000222d8       0x48 /usr/lib/gcc/x86_64-linux-gnu/11/../../../x86_64-linux-gnu/crti.o
 .rela.data.rel.ro._ZTVN11xercesc_2_88AttrImplE
                0x0000000000022320      0x4f8 /usr/lib/gcc/x86_64-linux-gnu/11/../../../x86_64-linux-gnu/crti.o
 .rela.data.rel.local.DW.ref.__gxx_personality_v0
                0x0000000000022818       0x18 /usr/lib/gcc/x86_64-linux-gnu/11/../../../x86_64-linux-gnu/crti.o
 .rela.data.rel.ro._ZTIN11xercesc_2_811AttrMapImplE
                0x0000000000022830       0x48 /usr/lib/gcc/x86_64-linux-gnu/11/../../../x86_64-linux-gnu/crti.o
 .rela.data.rel.ro._ZTVN11xercesc_2_811AttrMapImplE
                0x0000000000022878      0x1f8 /usr/lib/gcc/x86_64-linux-gnu/11/../../../x86_64-linux-gnu/crti.o
 .rela.data.rel.ro._ZTIN11xercesc_2_810AttrNSImplE
                0x0000000000022a70       0x48 /usr/lib/gcc/x86_64-linux-gnu/11/../../../x86_64-linux-gnu/crti.o
 .rela.data.rel.ro._ZTVN11xercesc_2_810AttrNSImplE
                0x0000000000022ab8      0x4f8 /usr/lib/gcc/x86_64-linux-gnu/11/../../../x86_64-linux-gnu/crti.o
 .rela.data.rel.ro._ZTIN11xercesc_2_816CDATASectionImplE
                0x0000000000022fb0       0x48 /usr/lib/gcc/x86_64-linux-gnu/11/../../../x86_64-linux-gnu/crti.o
 .rela.data.rel.ro._ZTVN11xercesc_2_816CDATASectionImplE
                0x0000000000022ff8      0x588 /usr/lib/gcc/x86_64-linux-gnu/11/../../../x86_64-linux-gnu/crti.o
 .rela.data.rel.ro._ZTIN11xercesc_2_817CharacterDataImplE
                0x0000000000023580       0x48 /usr/lib/gcc/x86_64-linux-gnu/11/../../../x86_64-linux-gnu/crti.o
 .rela.data.rel.ro._ZTVN11xercesc_2_817CharacterDataImplE
                0x00000000000235c8      0x510 /usr/lib/gcc/x86_64-linux-gnu/11/../../../x86_64-linux-gnu/crti.o
 .rela.data.rel.ro._ZTIN11xercesc_2_89ChildNodeE
                0x0000000000023ad8       0x48 /usr/lib/gcc/x86_64-linux-gnu/11/../../../x86_64-linux-gnu/crti.o
 .rela.data.rel.ro._ZTVN11xercesc_2_89ChildNodeE
                0x0000000000023b20      0x450 /usr/lib/gcc/x86_64-linux-gnu/11/../../../x86_64-linux-gnu/crti.o
 .rela.data.rel.ro._ZTIN11xercesc_2_811CommentImplE
                0x0000000000023f70       0x48 /usr/lib/gcc/x86_64-linux-gnu/11/../../../x86_64-linux-gnu/crti.o
 .rela.data.rel.ro._ZTVN11xercesc_2_811CommentImplE
                0x0000000000023fb8      0x540 /usr/lib/gcc/x86_64-linux-gnu/11/../../../x86_64-linux-gnu/crti.o
 .rela.data.rel.ro._ZTIN11xercesc_2_816DeepNodeListImplE
                0x00000000000244f8       0x48 /usr/lib/gcc/x86_64-linux-gnu/11/../../../x86_64-linux-gnu/crti.o
 .rela.data.rel.ro._ZTVN11xercesc_2_816DeepNodeListImplE
                0x0000000000024540       0xc0 /usr/lib/gcc/x86_64-linux-gnu/11/../../../x86_64-linux-gnu/crti.o
 .rela.data.rel.ro._ZTIN11xercesc_2_820DocumentFragmentImplE
                0x0000000000024600       0x48 /usr/lib/gcc/x86_64-linux-gnu/11/../../../x86_64-linux-gnu/crti.o
 .rela.data.rel.ro._ZTVN11xercesc_2_820DocumentFragmentImplE
                0x0000000000024648      0x480 /usr/lib/gcc/x86_64-linux-gnu/11/../../../x86_64-linux-gnu/crti.o
 .rela.data.rel.ro._ZTIN11xercesc_2_87XMemoryE
                0x0000000000024ac8       0x30 /usr/lib/gcc/x86_64-linux-gnu/11/../../../x86_64-linux-gnu/crti.o
 .rela.data.rel.ro._ZTIN11xercesc_2_824IllegalArgumentExceptionE
                0x0000000000024af8       0x48 /usr/lib/gcc/x86_64-linux-gnu/11/../../../x86_64-linux-gnu/crti.o
 .rela.data.rel.ro._ZTIN11xercesc_2_822NoSuchElementExceptionE
                0x0000000000024b40       0x48 /usr/lib/gcc/x86_64-linux-gnu/11/../../../x86_64-linux-gnu/crti.o
 .rela.data.rel.ro._ZTIN11xercesc_2_812DocumentImplE
                0x0000000000024b88       0x48 /usr/lib/gcc/x86_64-linux-gnu/11/../../../x86_64-linux-gnu/crti.o
 .rela.data.rel.ro._ZTIN11xercesc_2_815BaseRefVectorOfINS_16NodeIteratorImplEEE
                0x0000000000024bd0       0x48 /usr/lib/gcc/x86_64-linux-gnu/11/../../../x86_64-linux-gnu/crti.o
 .rela.data.rel.ro._ZTIN11xercesc_2_811RefVectorOfINS_16NodeIteratorImplEEE
                0x0000000000024c18       0x48 /usr/lib/gcc/x86_64-linux-gnu/11/../../../x86_64-linux-gnu/crti.o
 .rela.data.rel.ro._ZTIN11xercesc_2_815BaseRefVectorOfINS_14TreeWalkerImplEEE
                0x0000000000024c60       0x48 /usr/lib/gcc/x86_64-linux-gnu/11/../../../x86_64-linux-gnu/crti.o
 .rela.data.rel.ro._ZTIN11xercesc_2_811RefVectorOfINS_14TreeWalkerImplEEE
                0x0000000000024ca8       0x48 /usr/lib/gcc/x86_64-linux-gnu/11/../../../x86_64-linux-gnu/crti.o
 .rela.data.rel.ro._ZTIN11xercesc_2_815BaseRefVectorOfINS_9RangeImplEEE
                0x0000000000024cf0       0x48 /usr/lib/gcc/x86_64-linux-gnu/11/../../../x86_64-linux-gnu/crti.o
 .rela.data.rel.ro._ZTIN11xercesc_2_811RefVectorOfINS_9RangeImplEEE
                0x0000000000024d38       0x48 /usr/lib/gcc/x86_64-linux-gnu/11/../../../x86_64-linux-gnu/crti.o
 .rela.data.rel.ro._ZTVN11xercesc_2_824IllegalArgumentExceptionE
                0x0000000000024d80       0x78 /usr/lib/gcc/x86_64-linux-gnu/11/../../../x86_64-linux-gnu/crti.o
 .rela.data.rel.ro._ZTVN11xercesc_2_822NoSuchElementExceptionE
                0x0000000000024df8       0x78 /usr/lib/gcc/x86_64-linux-gnu/11/../../../x86_64-linux-gnu/crti.o
 .rela.data.rel.ro._ZTVN11xercesc_2_815BaseRefVectorOfINS_16NodeIteratorImplEEE
                0x0000000000024e70       0xc0 /usr/lib/gcc/x86_64-linux-gnu/11/../../../x86_64-linux-gnu/crti.o
 .rela.data.rel.ro._ZTVN11xercesc_2_811RefVectorOfINS_16NodeIteratorImplEEE
                0x0000000000024f30       0xc0 /usr/lib/gcc/x86_64-linux-gnu/11/../../../x86_64-linux-gnu/crti.o
 .rela.data.rel.ro._ZTVN11xercesc_2_815BaseRefVectorOfINS_14TreeWalkerImplEEE
                0x0000000000024ff0       0xc0 /usr/lib/gcc/x86_64-linux-gnu/11/../../../x86_64-linux-gnu/crti.o
 .rela.data.rel.ro._ZTVN11xercesc_2_811RefVectorOfINS_14TreeWalkerImplEEE
                0x00000000000250b0       0xc0 /usr/lib/gcc/x86_64-linux-gnu/11/../../../x86_64-linux-gnu/crti.o
 .rela.data.rel.ro._ZTVN11xercesc_2_815BaseRefVectorOfINS_9RangeImplEEE
                0x0000000000025170       0xc0 /usr/lib/gcc/x86_64-linux-gnu/11/../../../x86_64-linux-gnu/crti.o
 .rela.data.rel.ro._ZTVN11xercesc_2_811RefVectorOfINS_9RangeImplEEE
                0x0000000000025230       0xc0 /usr/lib/gcc/x86_64-linux-gnu/11/../../../x86_64-linux-gnu/crti.o
 .rela.data.rel.ro._ZTVN11xercesc_2_812DocumentImplE
                0x00000000000252f0      0x708 /usr/lib/gcc/x86_64-linux-gnu/11/../../../x86_64-linux-gnu/crti.o
 .rela.data.rel.ro._ZTIN11xercesc_2_816DocumentTypeImplE
                0x00000000000259f8       0x48 /usr/lib/gcc/x86_64-linux-gnu/11/../../../x86_64-linux-gnu/crti.o
 .rela.data.rel.ro._ZTVN11xercesc_2_816DocumentTypeImplE
                0x0000000000025a40      0x570 /usr/lib/gcc/x86_64-linux-gnu/11/../../../x86_64-linux-gnu/crti.o
 .rela.data.rel.ro._ZTIN11xercesc_2_816DOM_DOMExceptionE
                0x0000000000025fb0       0x30 /usr/lib/gcc/x86_64-linux-gnu/11/../../../x86_64-linux-gnu/crti.o
 .rela.data.rel.ro._ZTVN11xercesc_2_816DOM_DOMExceptionE
                0x0000000000025fe0       0x48 /usr/lib/gcc/x86_64-linux-gnu/11/../../../x86_64-linux-gnu/crti.o
 .rela.data.rel.ro._ZTIN11xercesc_2_814DOM_NodeFilterE
                0x0000000000026028       0x30 /usr/lib/gcc/x86_64-linux-gnu/11/../../../x86_64-linux-gnu/crti.o
 .rela.data.rel.ro._ZTVN11xercesc_2_814DOM_NodeFilterE
                0x0000000000026058       0x30 /usr/lib/gcc/x86_64-linux-gnu/11/../../../x86_64-linux-gnu/crti.o
 .rela.data.rel.ro._ZTIN11xercesc_2_816XMLErrorReporterE
                0x0000000000026088       0x30 /usr/lib/gcc/x86_64-linux-gnu/11/../../../x86_64-linux-gnu/crti.o
 .rela.data.rel.ro._ZTIN11xercesc_2_813XSerializableE
                0x00000000000260b8       0x30 /usr/lib/gcc/x86_64-linux-gnu/11/../../../x86_64-linux-gnu/crti.o
 .rela.data.rel.ro._ZTIN11xercesc_2_810XMLRefInfoE
                0x00000000000260e8       0x60 /usr/lib/gcc/x86_64-linux-gnu/11/../../../x86_64-linux-gnu/crti.o
 .rela.data.rel.ro._ZTIN11xercesc_2_819EmptyStackExceptionE
                0x0000000000026148       0x48 /usr/lib/gcc/x86_64-linux-gnu/11/../../../x86_64-linux-gnu/crti.o
 .rela.data.rel.ro._ZTIN11xercesc_2_813DTDEntityDeclE
                0x0000000000026190       0x48 /usr/lib/gcc/x86_64-linux-gnu/11/../../../x86_64-linux-gnu/crti.o
 .rela.data.rel.ro._ZTIN11xercesc_2_813XMLAttDefListE
                0x00000000000261d8       0x60 /usr/lib/gcc/x86_64-linux-gnu/11/../../../x86_64-linux-gnu/crti.o
 .rela.data.rel.ro._ZTIN11xercesc_2_811IOExceptionE
                0x0000000000026238       0x48 /usr/lib/gcc/x86_64-linux-gnu/11/../../../x86_64-linux-gnu/crti.o
 .rela.data.rel.ro._ZTIN11xercesc_2_818XMLDocumentHandlerE
                0x0000000000026280       0x30 /usr/lib/gcc/x86_64-linux-gnu/11/../../../x86_64-linux-gnu/crti.o
 .rela.data.rel.ro._ZTIN11xercesc_2_816XMLEntityHandlerE
                0x00000000000262b0       0x30 /usr/lib/gcc/x86_64-linux-gnu/11/../../../x86_64-linux-gnu/crti.o
 .rela.data.rel.ro._ZTIN11xercesc_2_814DocTypeHandlerE
                0x00000000000262e0       0x30 /usr/lib/gcc/x86_64-linux-gnu/11/../../../x86_64-linux-gnu/crti.o
 .rela.data.rel.ro._ZTIN11xercesc_2_89DOMParserE
                0x0000000000026310       0xa8 /usr/lib/gcc/x86_64-linux-gnu/11/../../../x86_64-linux-gnu/crti.o
 .rela.data.rel.ro._ZTIN11xercesc_2_815ContentSpecNodeE
                0x00000000000263b8       0x60 /usr/lib/gcc/x86_64-linux-gnu/11/../../../x86_64-linux-gnu/crti.o
 .rela.data.rel.ro._ZTIN11xercesc_2_820OutOfMemoryExceptionE
                0x0000000000026418       0x48 /usr/lib/gcc/x86_64-linux-gnu/11/../../../x86_64-linux-gnu/crti.o
 .rela.data.rel.ro._ZTVN11xercesc_2_810XMLRefInfoE
                0x0000000000026460       0x90 /usr/lib/gcc/x86_64-linux-gnu/11/../../../x86_64-linux-gnu/crti.o
 .rela.data.rel.ro._ZTVN11xercesc_2_819EmptyStackExceptionE
                0x00000000000264f0       0x78 /usr/lib/gcc/x86_64-linux-gnu/11/../../../x86_64-linux-gnu/crti.o
 .rela.data.rel.ro._ZTVN11xercesc_2_813DTDEntityDeclE
                0x0000000000026568       0xd8 /usr/lib/gcc/x86_64-linux-gnu/11/../../../x86_64-linux-gnu/crti.o
 .rela.data.rel.ro._ZTVN11xercesc_2_813XMLAttDefListE
                0x0000000000026640      0x168 /usr/lib/gcc/x86_64-linux-gnu/11/../../../x86_64-linux-gnu/crti.o
 .rela.data.rel.ro._ZTVN11xercesc_2_811IOExceptionE
                0x00000000000267a8       0x78 /usr/lib/gcc/x86_64-linux-gnu/11/../../../x86_64-linux-gnu/crti.o
 .rela.data.rel.ro._ZTVN11xercesc_2_815ContentSpecNodeE
                0x0000000000026820       0x90 /usr/lib/gcc/x86_64-linux-gnu/11/../../../x86_64-linux-gnu/crti.o
 .rela.data.rel.ro._ZTVN11xercesc_2_89DOMParserE
                0x00000000000268b0      0x6d8 /usr/lib/gcc/x86_64-linux-gnu/11/../../../x86_64-linux-gnu/crti.o
 .rela.data.rel.local.DW.ref._ZTIN11xercesc_2_820OutOfMemoryExceptionE
                0x0000000000026f88       0x18 /usr/lib/gcc/x86_64-linux-gnu/11/../../../x86_64-linux-gnu/crti.o
 .rela.data.rel.ro._ZTIN11xercesc_2_818DOM_RangeExceptionE
                0x0000000000026fa0       0x48 /usr/lib/gcc/x86_64-linux-gnu/11/../../../x86_64-linux-gnu/crti.o
 .rela.data.rel.ro._ZTVN11xercesc_2_818DOM_RangeExceptionE
                0x0000000000026fe8       0x48 /usr/lib/gcc/x86_64-linux-gnu/11/../../../x86_64-linux-gnu/crti.o
 .rela.data.rel.ro._ZTIN11xercesc_2_821ElementDefinitionImplE
                0x0000000000027030       0x48 /usr/lib/gcc/x86_64-linux-gnu/11/../../../x86_64-linux-gnu/crti.o
 .rela.data.rel.ro._ZTVN11xercesc_2_821ElementDefinitionImplE
                0x0000000000027078      0x480 /usr/lib/gcc/x86_64-linux-gnu/11/../../../x86_64-linux-gnu/crti.o
 .rela.data.rel.ro._ZTIN11xercesc_2_811ElementImplE
                0x00000000000274f8       0x48 /usr/lib/gcc/x86_64-linux-gnu/11/../../../x86_64-linux-gnu/crti.o
 .rela.data.rel.ro._ZTVN11xercesc_2_811ElementImplE
                0x0000000000027540      0x780 /usr/lib/gcc/x86_64-linux-gnu/11/../../../x86_64-linux-gnu/crti.o
 .rela.data.rel.ro._ZTIN11xercesc_2_813ElementNSImplE
                0x0000000000027cc0       0x48 /usr/lib/gcc/x86_64-linux-gnu/11/../../../x86_64-linux-gnu/crti.o
 .rela.data.rel.ro._ZTVN11xercesc_2_813ElementNSImplE
                0x0000000000027d08      0x780 /usr/lib/gcc/x86_64-linux-gnu/11/../../../x86_64-linux-gnu/crti.o
 .rela.data.rel.ro._ZTIN11xercesc_2_810EntityImplE
                0x0000000000028488       0x48 /usr/lib/gcc/x86_64-linux-gnu/11/../../../x86_64-linux-gnu/crti.o
 .rela.data.rel.ro._ZTVN11xercesc_2_810EntityImplE
                0x00000000000284d0      0x510 /usr/lib/gcc/x86_64-linux-gnu/11/../../../x86_64-linux-gnu/crti.o
 .rela.data.rel.ro._ZTIN11xercesc_2_819EntityReferenceImplE
                0x00000000000289e0       0x48 /usr/lib/gcc/x86_64-linux-gnu/11/../../../x86_64-linux-gnu/crti.o
 .rela.data.rel.ro._ZTVN11xercesc_2_819EntityReferenceImplE
                0x0000000000028a28      0x480 /usr/lib/gcc/x86_64-linux-gnu/11/../../../x86_64-linux-gnu/crti.o
 .rela.data.rel.ro._ZTIN11xercesc_2_816NamedNodeMapImplE
                0x0000000000028ea8       0x48 /usr/lib/gcc/x86_64-linux-gnu/11/../../../x86_64-linux-gnu/crti.o
 .rela.data.rel.ro._ZTVN11xercesc_2_816NamedNodeMapImplE
                0x0000000000028ef0      0x1b0 /usr/lib/gcc/x86_64-linux-gnu/11/../../../x86_64-linux-gnu/crti.o
 .rela.data.rel.ro._ZTIN11xercesc_2_89NodeIDMapE
                0x00000000000290a0       0x48 /usr/lib/gcc/x86_64-linux-gnu/11/../../../x86_64-linux-gnu/crti.o
 .rela.data.rel.ro._ZTIN11xercesc_2_816RuntimeExceptionE
                0x00000000000290e8       0x48 /usr/lib/gcc/x86_64-linux-gnu/11/../../../x86_64-linux-gnu/crti.o
 .rela.data.rel.ro._ZTVN11xercesc_2_816RuntimeExceptionE
                0x0000000000029130       0x78 /usr/lib/gcc/x86_64-linux-gnu/11/../../../x86_64-linux-gnu/crti.o
 .rela.data.rel.ro._ZTVN11xercesc_2_89NodeIDMapE
                0x00000000000291a8       0x48 /usr/lib/gcc/x86_64-linux-gnu/11/../../../x86_64-linux-gnu/crti.o
 .rela.data.rel.ro._ZTIN11xercesc_2_88NodeImplE
                0x00000000000291f0       0x48 /usr/lib/gcc/x86_64-linux-gnu/11/../../../x86_64-linux-gnu/crti.o
 .rela.data.rel.ro._ZTVN11xercesc_2_88NodeImplE
                0x0000000000029238      0x450 /usr/lib/gcc/x86_64-linux-gnu/11/../../../x86_64-linux-gnu/crti.o
 .rela.data.rel.ro._ZTIN11xercesc_2_816NodeIteratorImplE
                0x0000000000029688       0x48 /usr/lib/gcc/x86_64-linux-gnu/11/../../../x86_64-linux-gnu/crti.o
 .rela.data.rel.ro._ZTVN11xercesc_2_816NodeIteratorImplE
                0x00000000000296d0       0x78 /usr/lib/gcc/x86_64-linux-gnu/11/../../../x86_64-linux-gnu/crti.o
 .rela.data.rel.ro._ZTIN11xercesc_2_812NodeListImplE
                0x0000000000029748       0x48 /usr/lib/gcc/x86_64-linux-gnu/11/../../../x86_64-linux-gnu/crti.o
 .rela.data.rel.ro._ZTVN11xercesc_2_812NodeListImplE
                0x0000000000029790       0x78 /usr/lib/gcc/x86_64-linux-gnu/11/../../../x86_64-linux-gnu/crti.o
 .rela.data.rel.ro._ZTIN11xercesc_2_812NotationImplE
                0x0000000000029808       0x48 /usr/lib/gcc/x86_64-linux-gnu/11/../../../x86_64-linux-gnu/crti.o
 .rela.data.rel.ro._ZTVN11xercesc_2_812NotationImplE
                0x0000000000029850      0x4e0 /usr/lib/gcc/x86_64-linux-gnu/11/../../../x86_64-linux-gnu/crti.o
 .rela.data.rel.ro._ZTIN11xercesc_2_810ParentNodeE
                0x0000000000029d30       0x48 /usr/lib/gcc/x86_64-linux-gnu/11/../../../x86_64-linux-gnu/crti.o
 .rela.data.rel.ro._ZTVN11xercesc_2_810ParentNodeE
                0x0000000000029d78      0x450 /usr/lib/gcc/x86_64-linux-gnu/11/../../../x86_64-linux-gnu/crti.o
 .rela.data.rel.ro._ZTIN11xercesc_2_825ProcessingInstructionImplE
                0x000000000002a1c8       0x48 /usr/lib/gcc/x86_64-linux-gnu/11/../../../x86_64-linux-gnu/crti.o
 .rela.data.rel.ro._ZTVN11xercesc_2_825ProcessingInstructionImplE
                0x000000000002a210      0x4c8 /usr/lib/gcc/x86_64-linux-gnu/11/../../../x86_64-linux-gnu/crti.o
 .rela.data.rel.ro._ZTIN11xercesc_2_89RangeImplE
                0x000000000002a6d8       0x48 /usr/lib/gcc/x86_64-linux-gnu/11/../../../x86_64-linux-gnu/crti.o
 .rela.data.rel.ro._ZTIN11xercesc_2_815BaseRefVectorOfINS_8NodeImplEEE
                0x000000000002a720       0x48 /usr/lib/gcc/x86_64-linux-gnu/11/../../../x86_64-linux-gnu/crti.o
 .rela.data.rel.ro._ZTIN11xercesc_2_811RefVectorOfINS_8NodeImplEEE
                0x000000000002a768       0x48 /usr/lib/gcc/x86_64-linux-gnu/11/../../../x86_64-linux-gnu/crti.o
 .rela.data.rel.ro._ZTVN11xercesc_2_89RangeImplE
                0x000000000002a7b0       0x78 /usr/lib/gcc/x86_64-linux-gnu/11/../../../x86_64-linux-gnu/crti.o
 .rela.data.rel.ro._ZTVN11xercesc_2_815BaseRefVectorOfINS_8NodeImplEEE
                0x000000000002a828       0xc0 /usr/lib/gcc/x86_64-linux-gnu/11/../../../x86_64-linux-gnu/crti.o
 .rela.data.rel.ro._ZTVN11xercesc_2_811RefVectorOfINS_8NodeImplEEE
                0x000000000002a8e8       0xc0 /usr/lib/gcc/x86_64-linux-gnu/11/../../../x86_64-linux-gnu/crti.o
 .rela.data.rel.ro._ZTIN11xercesc_2_814RefCountedImplE
                0x000000000002a9a8       0x48 /usr/lib/gcc/x86_64-linux-gnu/11/../../../x86_64-linux-gnu/crti.o
 .rela.data.rel.ro._ZTVN11xercesc_2_814RefCountedImplE
                0x000000000002a9f0       0x78 /usr/lib/gcc/x86_64-linux-gnu/11/../../../x86_64-linux-gnu/crti.o
 .rela.data.rel.ro._ZTIN11xercesc_2_88TextImplE
                0x000000000002aa68       0x48 /usr/lib/gcc/x86_64-linux-gnu/11/../../../x86_64-linux-gnu/crti.o
 .rela.data.rel.ro._ZTVN11xercesc_2_88TextImplE
                0x000000000002aab0      0x588 /usr/lib/gcc/x86_64-linux-gnu/11/../../../x86_64-linux-gnu/crti.o
 .rela.data.rel.ro._ZTIN11xercesc_2_814TreeWalkerImplE
                0x000000000002b038       0x48 /usr/lib/gcc/x86_64-linux-gnu/11/../../../x86_64-linux-gnu/crti.o
 .rela.data.rel.ro._ZTVN11xercesc_2_814TreeWalkerImplE
                0x000000000002b080       0x78 /usr/lib/gcc/x86_64-linux-gnu/11/../../../x86_64-linux-gnu/crti.o
 .rela.data.rel.ro._ZTIN11xercesc_2_811XMLDeclImplE
                0x000000000002b0f8       0x48 /usr/lib/gcc/x86_64-linux-gnu/11/../../../x86_64-linux-gnu/crti.o
 .rela.data.rel.ro._ZTVN11xercesc_2_811XMLDeclImplE
                0x000000000002b140      0x510 /usr/lib/gcc/x86_64-linux-gnu/11/../../../x86_64-linux-gnu/crti.o
 *(.rela.tdata .rela.tdata.* .rela.gnu.linkonce.td.*)
 *(.rela.tbss .rela.tbss.* .rela.gnu.linkonce.tb.*)
 *(.rela.ctors)
 *(.rela.dtors)
 *(.rela.got)
 .rela.got      0x000000000002b650      0xcd8 /usr/lib/gcc/x86_64-linux-gnu/11/../../../x86_64-linux-gnu/crti.o
 *(.rela.bss .rela.bss.* .rela.gnu.linkonce.b.*)
 *(.rela.ldata .rela.ldata.* .rela.gnu.linkonce.l.*)
 *(.rela.lbss .rela.lbss.* .rela.gnu.linkonce.lb.*)
 *(.rela.lrodata .rela.lrodata.* .rela.gnu.linkonce.lr.*)
 *(.rela.ifunc)
 .rela.ifunc    0x000000000002c328        0x0 /usr/lib/gcc/x86_64-linux-gnu/11/../../../x86_64-linux-gnu/crti.o
 .rela.fini_array
                0x000000000002c328       0x18 /usr/lib/gcc/x86_64-linux-gnu/11/../../../x86_64-linux-gnu/crti.o
 .rela.init_array
                0x000000000002c340      0x120 /usr/lib/gcc/x86_64-linux-gnu/11/../../../x86_64-linux-gnu/crti.o
 .rela.eh_frame
                0x000000000002c460        0x0 /usr/lib/gcc/x86_64-linux-gnu/11/../../../x86_64-linux-gnu/crti.o
 .rela.gcc_except_table
                0x000000000002c460        0x0 /usr/lib/gcc/x86_64-linux-gnu/11/../../../x86_64-linux-gnu/crti.o

.rela.plt       0x000000000002c460     0x2c28
 *(.rela.plt)
 .rela.plt      0x000000000002c460     0x2c28 /usr/lib/gcc/x86_64-linux-gnu/11/../../../x86_64-linux-gnu/crti.o
 *(.rela.iplt)

.relr.dyn
 *(.relr.dyn)
                0x0000000000030000                . = ALIGN (CONSTANT (MAXPAGESIZE))

.init           0x0000000000030000       0x1b
 *(SORT_NONE(.init))
 .init          0x0000000000030000       0x16 /usr/lib/gcc/x86_64-linux-gnu/11/../../../x86_64-linux-gnu/crti.o
                0x0000000000030000                _init
 .init          0x0000000000030016        0x5 /usr/lib/gcc/x86_64-linux-gnu/11/../../../x86_64-linux-gnu/crtn.o

.plt            0x0000000000030020     0x1d80
 *(.plt)
 .plt           0x0000000000030020     0x1d80 /usr/lib/gcc/x86_64-linux-gnu/11/../../../x86_64-linux-gnu/crti.o
 *(.iplt)

.plt.got        0x0000000000031da0       0x40
 *(.plt.got)
 .plt.got       0x0000000000031da0       0x40 /usr/lib/gcc/x86_64-linux-gnu/11/../../../x86_64-linux-gnu/crti.o

.plt.sec        0x0000000000031de0     0x1d70
 *(.plt.sec)
 .plt.sec       0x0000000000031de0     0x1d70 /usr/lib/gcc/x86_64-linux-gnu/11/../../../x86_64-linux-gnu/crti.o

.text           0x0000000000033b50    0x25b3b
 *(.text.unlikely .text.*_unlikely .text.unlikely.*)
 .text.unlikely
                0x0000000000033b50      0x506 LINUX/depdom/AttrImpl.o
 .text.unlikely
                0x0000000000034056       0x24 LINUX/depdom/AttrMapImpl.o
 .text.unlikely
                0x000000000003407a      0x3a9 LINUX/depdom/AttrNSImpl.o
 *fill*         0x0000000000034423        0x1 
 .text.unlikely
                0x0000000000034424       0x13 LINUX/depdom/CDATASectionImpl.o
 *fill*         0x0000000000034437        0x1 
 .text.unlikely
                0x0000000000034438      0x322 LINUX/depdom/CharacterDataImpl.o
 .text.unlikely
                0x000000000003475a       0x13 LINUX/depdom/CommentImpl.o
 *fill*         0x000000000003476d        0x1 
 .text.unlikely
                0x000000000003476e       0x8c LINUX/depdom/DeepNodeListImpl.o
 .text.unlikely
                0x00000000000347fa       0x33 LINUX/depdom/DocumentFragmentImpl.o
 *fill*         0x000000000003482d        0x1 
 .text.unlikely
                0x000000000003482e      0xa84 LINUX/depdom/DocumentImpl.o
 .text.unlikely
                0x00000000000352b2      0x214 LINUX/depdom/DocumentTypeImpl.o
 .text.unlikely
                0x00000000000354c6       0x10 LINUX/depdom/DOM_Attr.o
 .text.unlikely
                0x00000000000354d6       0x34 LINUX/depdom/DOM_Document.o
 .text.unlikely
                0x000000000003550a       0x40 LINUX/depdom/DOM_DocumentType.o
 .text.unlikely
                0x000000000003554a       0xb9 LINUX/depdom/DOM_DOMImplementation.o
 *fill*         0x0000000000035603        0x1 
 .text.unlikely
                0x0000000000035604       0x30 LINUX/depdom/DOM_Element.o
 .text.unlikely
                0x0000000000035634       0x30 LINUX/depdom/DOM_Entity.o
 .text.unlikely
                0x0000000000035664       0x50 LINUX/depdom/DOM_Node.o
 .text.unlikely
                0x00000000000356b4      0x94d LINUX/depdom/DOMParser.o
 *fill*         0x0000000000036001        0x1 
 .text.unlikely
                0x0000000000036002       0x30 LINUX/depdom/DOM_ProcessingInstruction.o
 .text.unlikely
                0x0000000000036032      0x228 LINUX/depdom/DOMString.o
 .text.unlikely
                0x000000000003625a       0x10 LINUX/depdom/DOM_TreeWalker.o
 .text.unlikely
                0x000000000003626a       0x5c LINUX/depdom/DStringPool.o
 .text.unlikely
                0x00000000000362c6       0x5b LINUX/depdom/ElementDefinitionImpl.o
 *fill*         0x0000000000036321        0x1 
 .text.unlikely
                0x0000000000036322      0x6c9 LINUX/depdom/ElementImpl.o
 *fill*         0x00000000000369eb        0x1 
 .text.unlikely
                0x00000000000369ec      0x327 LINUX/depdom/ElementNSImpl.o
 *fill*         0x0000000000036d13        0x1 
 .text.unlikely
                0x0000000000036d14       0xc9 LINUX/depdom/EntityImpl.o
 *fill*         0x0000000000036ddd        0x1 
 .text.unlikely
                0x0000000000036dde       0xe3 LINUX/depdom/EntityReferenceImpl.o
 *fill*         0x0000000000036ec1        0x1 
 .text.unlikely
                0x0000000000036ec2      0x556 LINUX/depdom/NamedNodeMapImpl.o
 .text.unlikely
                0x0000000000037418       0xe4 LINUX/depdom/NodeIDMap.o
 .text.unlikely
                0x00000000000374fc      0x360 LINUX/depdom/NodeImpl.o
                0x00000000000374fc                xercesc_2_8::NodeImpl::replaceChild(xercesc_2_8::NodeImpl*, xercesc_2_8::NodeImpl*)
                0x00000000000374fc                xercesc_2_8::NodeImpl::insertBefore(xercesc_2_8::NodeImpl*, xercesc_2_8::NodeImpl*)
                0x000000000003758a                xercesc_2_8::NodeImpl::removeChild(xercesc_2_8::NodeImpl*)
                0x0000000000037618                xercesc_2_8::NodeImpl::setPrefix(xercesc_2_8::DOMString const&)
 .text.unlikely
                0x000000000003785c      0x4ef LINUX/depdom/NodeIteratorImpl.o
 *fill*         0x0000000000037d4b        0x1 
 .text.unlikely
                0x0000000000037d4c      0x180 LINUX/depdom/NotationImpl.o
 .text.unlikely
                0x0000000000037ecc      0x398 LINUX/depdom/ParentNode.o
 .text.unlikely
                0x0000000000038264      0x100 LINUX/depdom/ProcessingInstructionImpl.o
 .text.unlikely
                0x0000000000038364     0x1b23 LINUX/depdom/RangeImpl.o
 *fill*         0x0000000000039e87        0x1 
 .text.unlikely
                0x0000000000039e88      0x19d LINUX/depdom/TextImpl.o
 *fill*         0x000000000003a025        0x1 
 .text.unlikely
                0x000000000003a026      0x2f4 LINUX/depdom/TreeWalkerImpl.o
 .text.unlikely
                0x000000000003a31a       0xcf LINUX/depdom/XMLDeclImpl.o
 *(.text.exit .text.exit.*)
 *(.text.startup .text.startup.*)
 *fill*         0x000000000003a3e9        0x7 
 .text.startup  0x000000000003a3f0       0x10 LINUX/depdom/CDATASectionImpl.o
 .text.startup  0x000000000003a400       0x10 LINUX/depdom/CommentImpl.o
 .text.startup  0x000000000003a410       0x10 LINUX/depdom/DeepNodeListImpl.o
 .text.startup  0x000000000003a420       0x10 LINUX/depdom/DocumentFragmentImpl.o
 .text.startup  0x000000000003a430       0x10 LINUX/depdom/DocumentImpl.o
 .text.startup  0x000000000003a440       0x10 LINUX/depdom/DOM_DOMImplementation.o
 .text.startup  0x000000000003a450       0x24 LINUX/depdom/DOMString.o
 *fill*         0x000000000003a474        0xc 
 .text.startup  0x000000000003a480       0x10 LINUX/depdom/ElementImpl.o
 .text.startup  0x000000000003a490       0x10 LINUX/depdom/NodeImpl.o
 .text.startup  0x000000000003a4a0       0x10 LINUX/depdom/TextImpl.o
 .text.startup  0x000000000003a4b0       0x10 LINUX/depdom/XMLDeclImpl.o
 *(.text.hot .text.hot.*)
 *(SORT_BY_NAME(.text.sorted.*))
 *(.text .stub .text.* .gnu.linkonce.t.*)
 .text          0x000000000003a4c0        0x0 /usr/lib/gcc/x86_64-linux-gnu/11/../../../x86_64-linux-gnu/crti.o
 .text          0x000000000003a4c0       0xb9 /usr/lib/gcc/x86_64-linux-gnu/11/crtbeginS.o
 *fill*         0x000000000003a579        0x7 
 .text          0x000000000003a580     0x12ae LINUX/depdom/AttrImpl.o
                0x000000000003a580                xercesc_2_8::AttrImpl::getNodeType()
                0x000000000003a590                xercesc_2_8::AttrImpl::getNodeValue()
                0x000000000003a5e0                xercesc_2_8::AttrImpl::getSpecified()
                0x000000000003a600                xercesc_2_8::AttrImpl::isAttrImpl()
                0x000000000003a610                xercesc_2_8::AttrImpl::setNodeValue(xercesc_2_8::DOMString const&)
                0x000000000003a620                xercesc_2_8::AttrImpl::setSpecified(bool)
                0x000000000003a650                xercesc_2_8::AttrImpl::getChildNodes()
                0x000000000003a660                xercesc_2_8::AttrImpl::hasChildNodes()
                0x000000000003a670                xercesc_2_8::AttrImpl::replaceChild(xercesc_2_8::NodeImpl*, xercesc_2_8::NodeImpl*)
                0x000000000003a6b0                xercesc_2_8::AttrImpl::~AttrImpl()
                0x000000000003a6b0                xercesc_2_8::AttrImpl::~AttrImpl()
                0x000000000003a730                xercesc_2_8::AttrImpl::~AttrImpl()
                0x000000000003a750                xercesc_2_8::AttrImpl::getName()
                0x000000000003a750                xercesc_2_8::AttrImpl::getNodeName()
                0x000000000003a770                xercesc_2_8::AttrImpl::getValue()
                0x000000000003a910                xercesc_2_8::AttrImpl::setValue(xercesc_2_8::DOMString const&)
                0x000000000003ab10                xercesc_2_8::AttrImpl::toString()
                0x000000000003ac00                xercesc_2_8::AttrImpl::getLength()
                0x000000000003ac40                xercesc_2_8::AttrImpl::normalize()
                0x000000000003ad80                xercesc_2_8::AttrImpl::AttrImpl(xercesc_2_8::DocumentImpl*, xercesc_2_8::DOMString const&)
                0x000000000003ad80                xercesc_2_8::AttrImpl::AttrImpl(xercesc_2_8::DocumentImpl*, xercesc_2_8::DOMString const&)
                0x000000000003ae50                xercesc_2_8::AttrImpl::makeChildNode()
                0x000000000003af00                xercesc_2_8::AttrImpl::getFirstChild()
                0x000000000003af20                xercesc_2_8::AttrImpl::item(unsigned int)
                0x000000000003af80                xercesc_2_8::AttrImpl::getOwnerElement()
                0x000000000003afb0                xercesc_2_8::AttrImpl::setOwnerElement(xercesc_2_8::ElementImpl*)
                0x000000000003afd0                xercesc_2_8::AttrImpl::cloneChildren(xercesc_2_8::NodeImpl const&)
                0x000000000003b030                xercesc_2_8::AttrImpl::AttrImpl(xercesc_2_8::AttrImpl const&, bool)
                0x000000000003b030                xercesc_2_8::AttrImpl::AttrImpl(xercesc_2_8::AttrImpl const&, bool)
                0x000000000003b240                xercesc_2_8::AttrImpl::cloneNode(bool)
                0x000000000003b2a0                xercesc_2_8::AttrImpl::lastChild()
                0x000000000003b2c0                xercesc_2_8::AttrImpl::getLastChild()
                0x000000000003b2d0                xercesc_2_8::AttrImpl::lastChild(xercesc_2_8::ChildNode*)
                0x000000000003b2f0                xercesc_2_8::AttrImpl::insertBefore(xercesc_2_8::NodeImpl*, xercesc_2_8::NodeImpl*)
                0x000000000003b610                xercesc_2_8::AttrImpl::removeChild(xercesc_2_8::NodeImpl*)
                0x000000000003b7c0                xercesc_2_8::AttrImpl::setReadOnly(bool, bool)
 *fill*         0x000000000003b82e        0x2 
 .text._ZNK11xercesc_2_830ArrayIndexOutOfBoundsException7getTypeEv
                0x000000000003b830        0xc LINUX/depdom/AttrImpl.o
                0x000000000003b830                xercesc_2_8::ArrayIndexOutOfBoundsException::getType() const
 *fill*         0x000000000003b83c        0x4 
 .text._ZN11xercesc_2_810XMLDeleterD2Ev
                0x000000000003b840        0x5 LINUX/depdom/AttrImpl.o
                0x000000000003b840                xercesc_2_8::XMLDeleter::~XMLDeleter()
                0x000000000003b840                xercesc_2_8::XMLDeleter::~XMLDeleter()
 *fill*         0x000000000003b845        0xb 
 .text._ZN11xercesc_2_830ArrayIndexOutOfBoundsExceptionD2Ev
                0x000000000003b850       0x17 LINUX/depdom/AttrImpl.o
                0x000000000003b850                xercesc_2_8::ArrayIndexOutOfBoundsException::~ArrayIndexOutOfBoundsException()
                0x000000000003b850                xercesc_2_8::ArrayIndexOutOfBoundsException::~ArrayIndexOutOfBoundsException()
 *fill*         0x000000000003b867        0x9 
 .text._ZN11xercesc_2_830ArrayIndexOutOfBoundsExceptionD0Ev
                0x000000000003b870       0x24 LINUX/depdom/AttrImpl.o
                0x000000000003b870                xercesc_2_8::ArrayIndexOutOfBoundsException::~ArrayIndexOutOfBoundsException()
 *fill*         0x000000000003b894        0xc 
 .text._ZNK11xercesc_2_830ArrayIndexOutOfBoundsException9duplicateEv
                0x000000000003b8a0       0x59 LINUX/depdom/AttrImpl.o
                0x000000000003b8a0                xercesc_2_8::ArrayIndexOutOfBoundsException::duplicate() const
 *fill*         0x000000000003b8f9        0x7 
 .text._ZN11xercesc_2_810XMLDeleterD0Ev
                0x000000000003b900        0xe LINUX/depdom/AttrImpl.o
                0x000000000003b900                xercesc_2_8::XMLDeleter::~XMLDeleter()
 *fill*         0x000000000003b90e        0x2 
 .text._ZN11xercesc_2_815BaseRefVectorOfINS_9RangeImplEE9elementAtEj
                0x000000000003b910       0xa2 LINUX/depdom/AttrImpl.o
                0x000000000003b910                xercesc_2_8::BaseRefVectorOf<xercesc_2_8::RangeImpl>::elementAt(unsigned int)
 *fill*         0x000000000003b9b2        0xe 
 .text          0x000000000003b9c0      0x277 LINUX/depdom/AttrMapImpl.o
                0x000000000003b9c0                xercesc_2_8::AttrMapImpl::~AttrMapImpl()
                0x000000000003b9c0                xercesc_2_8::AttrMapImpl::~AttrMapImpl()
                0x000000000003b9e0                xercesc_2_8::AttrMapImpl::~AttrMapImpl()
                0x000000000003ba00                xercesc_2_8::AttrMapImpl::AttrMapImpl(xercesc_2_8::NodeImpl*)
                0x000000000003ba00                xercesc_2_8::AttrMapImpl::AttrMapImpl(xercesc_2_8::NodeImpl*)
                0x000000000003ba30                xercesc_2_8::AttrMapImpl::cloneAttrMap(xercesc_2_8::NodeImpl*)
                0x000000000003baa0                xercesc_2_8::AttrMapImpl::AttrMapImpl(xercesc_2_8::NodeImpl*, xercesc_2_8::NamedNodeMapImpl*)
                0x000000000003baa0                xercesc_2_8::AttrMapImpl::AttrMapImpl(xercesc_2_8::NodeImpl*, xercesc_2_8::NamedNodeMapImpl*)
                0x000000000003bb10                xercesc_2_8::AttrMapImpl::removeNamedItem(xercesc_2_8::DOMString const&)
                0x000000000003bba0                xercesc_2_8::AttrMapImpl::removeNamedItemNS(xercesc_2_8::DOMString const&, xercesc_2_8::DOMString const&)
 *fill*         0x000000000003bc37        0x9 
 .text._ZN11xercesc_2_811AttrMapImpl11hasDefaultsEv
                0x000000000003bc40        0x9 LINUX/depdom/AttrMapImpl.o
                0x000000000003bc40                xercesc_2_8::AttrMapImpl::hasDefaults()
 *fill*         0x000000000003bc49        0x7 
 .text._ZN11xercesc_2_811AttrMapImpl11hasDefaultsEb
                0x000000000003bc50        0x9 LINUX/depdom/AttrMapImpl.o
                0x000000000003bc50                xercesc_2_8::AttrMapImpl::hasDefaults(bool)
 *fill*         0x000000000003bc59        0x7 
 .text          0x000000000003bc60      0x7cb LINUX/depdom/AttrNSImpl.o
                0x000000000003bc60                xercesc_2_8::AttrNSImpl::getPrefix()
                0x000000000003bcd0                xercesc_2_8::AttrNSImpl::getNamespaceURI()
                0x000000000003bcf0                xercesc_2_8::AttrNSImpl::getLocalName()
                0x000000000003bd10                xercesc_2_8::AttrNSImpl::setPrefix(xercesc_2_8::DOMString const&)
                0x000000000003bfb0                xercesc_2_8::AttrNSImpl::AttrNSImpl(xercesc_2_8::DocumentImpl*, xercesc_2_8::DOMString const&)
                0x000000000003bfb0                xercesc_2_8::AttrNSImpl::AttrNSImpl(xercesc_2_8::DocumentImpl*, xercesc_2_8::DOMString const&)
                0x000000000003c030                xercesc_2_8::AttrNSImpl::AttrNSImpl(xercesc_2_8::DocumentImpl*, xercesc_2_8::DOMString const&, xercesc_2_8::DOMString const&)
                0x000000000003c030                xercesc_2_8::AttrNSImpl::AttrNSImpl(xercesc_2_8::DocumentImpl*, xercesc_2_8::DOMString const&, xercesc_2_8::DOMString const&)
                0x000000000003c2d0                xercesc_2_8::AttrNSImpl::AttrNSImpl(xercesc_2_8::AttrNSImpl const&, bool)
                0x000000000003c2d0                xercesc_2_8::AttrNSImpl::AttrNSImpl(xercesc_2_8::AttrNSImpl const&, bool)
                0x000000000003c3d0                xercesc_2_8::AttrNSImpl::cloneNode(bool)
 *fill*         0x000000000003c42b        0x5 
 .text._ZN11xercesc_2_810AttrNSImplD2Ev
                0x000000000003c430       0x32 LINUX/depdom/AttrNSImpl.o
                0x000000000003c430                xercesc_2_8::AttrNSImpl::~AttrNSImpl()
                0x000000000003c430                xercesc_2_8::AttrNSImpl::~AttrNSImpl()
 *fill*         0x000000000003c462        0xe 
 .text._ZN11xercesc_2_810AttrNSImplD0Ev
                0x000000000003c470       0x3a LINUX/depdom/AttrNSImpl.o
                0x000000000003c470                xercesc_2_8::AttrNSImpl::~AttrNSImpl()
 *fill*         0x000000000003c4aa        0x6 
 .text          0x000000000003c4b0      0x16b LINUX/depdom/CDATASectionImpl.o
                0x000000000003c4b0                xercesc_2_8::CDATASectionImpl::getNodeType()
                0x000000000003c4c0                xercesc_2_8::CDATASectionImpl::isCDATASectionImpl()
                0x000000000003c4d0                xercesc_2_8::CDATASectionImpl::~CDATASectionImpl()
                0x000000000003c4d0                xercesc_2_8::CDATASectionImpl::~CDATASectionImpl()
                0x000000000003c4f0                xercesc_2_8::CDATASectionImpl::~CDATASectionImpl()
                0x000000000003c510                xercesc_2_8::CDATASectionImpl::getNodeName()
                0x000000000003c550                xercesc_2_8::CDATASectionImpl::reinitCDATASectionImpl()
                0x000000000003c580                xercesc_2_8::CDATASectionImpl::CDATASectionImpl(xercesc_2_8::DocumentImpl*, xercesc_2_8::DOMString const&)
                0x000000000003c580                xercesc_2_8::CDATASectionImpl::CDATASectionImpl(xercesc_2_8::DocumentImpl*, xercesc_2_8::DOMString const&)
                0x000000000003c5a0                xercesc_2_8::CDATASectionImpl::CDATASectionImpl(xercesc_2_8::CDATASectionImpl const&, bool)
                0x000000000003c5a0                xercesc_2_8::CDATASectionImpl::CDATASectionImpl(xercesc_2_8::CDATASectionImpl const&, bool)
                0x000000000003c5c0                xercesc_2_8::CDATASectionImpl::cloneNode(bool)
 *fill*         0x000000000003c61b        0x5 
 .text          0x000000000003c620      0x5d7 LINUX/depdom/CharacterDataImpl.o
                0x000000000003c620                xercesc_2_8::CharacterDataImpl::getData()
                0x000000000003c630                xercesc_2_8::CharacterDataImpl::getNodeValue()
                0x000000000003c650                xercesc_2_8::CharacterDataImpl::replaceData(unsigned int, unsigned int, xercesc_2_8::DOMString const&)
                0x000000000003c6d0                xercesc_2_8::CharacterDataImpl::setData(xercesc_2_8::DOMString const&)
                0x000000000003c750                xercesc_2_8::CharacterDataImpl::appendData(xercesc_2_8::DOMString const&)
                0x000000000003c7b0                xercesc_2_8::CharacterDataImpl::getCharDataLength()
                0x000000000003c7c0                xercesc_2_8::CharacterDataImpl::insertData(unsigned int, xercesc_2_8::DOMString const&)
                0x000000000003c820                xercesc_2_8::CharacterDataImpl::substringData(unsigned int, unsigned int)
                0x000000000003c870                xercesc_2_8::CharacterDataImpl::CharacterDataImpl(xercesc_2_8::DocumentImpl*, xercesc_2_8::DOMString const&)
                0x000000000003c870                xercesc_2_8::CharacterDataImpl::CharacterDataImpl(xercesc_2_8::DocumentImpl*, xercesc_2_8::DOMString const&)
                0x000000000003c920                xercesc_2_8::CharacterDataImpl::CharacterDataImpl(xercesc_2_8::CharacterDataImpl const&, bool)
                0x000000000003c920                xercesc_2_8::CharacterDataImpl::CharacterDataImpl(xercesc_2_8::CharacterDataImpl const&, bool)
                0x000000000003c9d0                xercesc_2_8::CharacterDataImpl::~CharacterDataImpl()
                0x000000000003c9d0                xercesc_2_8::CharacterDataImpl::~CharacterDataImpl()
                0x000000000003ca00                xercesc_2_8::CharacterDataImpl::~CharacterDataImpl()
                0x000000000003ca20                xercesc_2_8::CharacterDataImpl::setNodeValue(xercesc_2_8::DOMString const&)
                0x000000000003cb00                xercesc_2_8::CharacterDataImpl::deleteData(unsigned int, unsigned int)
 *fill*         0x000000000003cbf7        0x9 
 .text          0x000000000003cc00      0x116 LINUX/depdom/ChildNode.o
                0x000000000003cc00                xercesc_2_8::ChildNode::getNextSibling()
                0x000000000003cc10                xercesc_2_8::ChildNode::getParentNode()
                0x000000000003cc40                xercesc_2_8::ChildNode::getPreviousSibling()
                0x000000000003cc70                xercesc_2_8::ChildNode::ChildNode(xercesc_2_8::DocumentImpl*)
                0x000000000003cc70                xercesc_2_8::ChildNode::ChildNode(xercesc_2_8::DocumentImpl*)
                0x000000000003cca0                xercesc_2_8::ChildNode::ChildNode(xercesc_2_8::ChildNode const&)
                0x000000000003cca0                xercesc_2_8::ChildNode::ChildNode(xercesc_2_8::ChildNode const&)
                0x000000000003cce0                xercesc_2_8::ChildNode::~ChildNode()
                0x000000000003cce0                xercesc_2_8::ChildNode::~ChildNode()
                0x000000000003cd00                xercesc_2_8::ChildNode::~ChildNode()
 *fill*         0x000000000003cd16        0xa 
 .text          0x000000000003cd20      0x15b LINUX/depdom/CommentImpl.o
                0x000000000003cd20                xercesc_2_8::CommentImpl::getNodeType()
                0x000000000003cd30                xercesc_2_8::CommentImpl::~CommentImpl()
                0x000000000003cd30                xercesc_2_8::CommentImpl::~CommentImpl()
                0x000000000003cd50                xercesc_2_8::CommentImpl::~CommentImpl()
                0x000000000003cd70                xercesc_2_8::CommentImpl::getNodeName()
                0x000000000003cdb0                xercesc_2_8::CommentImpl::reinitCommentImpl()
                0x000000000003cde0                xercesc_2_8::CommentImpl::CommentImpl(xercesc_2_8::DocumentImpl*, xercesc_2_8::DOMString const&)
                0x000000000003cde0                xercesc_2_8::CommentImpl::CommentImpl(xercesc_2_8::DocumentImpl*, xercesc_2_8::DOMString const&)
                0x000000000003ce00                xercesc_2_8::CommentImpl::CommentImpl(xercesc_2_8::CommentImpl const&, bool)
                0x000000000003ce00                xercesc_2_8::CommentImpl::CommentImpl(xercesc_2_8::CommentImpl const&, bool)
                0x000000000003ce20                xercesc_2_8::CommentImpl::cloneNode(bool)
 *fill*         0x000000000003ce7b        0x5 
 .text          0x000000000003ce80      0x611 LINUX/depdom/DeepNodeListImpl.o
                0x000000000003ce80                xercesc_2_8::DeepNodeListImpl::nextMatchingElementAfter(xercesc_2_8::NodeImpl*)
                0x000000000003d060                xercesc_2_8::DeepNodeListImpl::~DeepNodeListImpl()
                0x000000000003d060                xercesc_2_8::DeepNodeListImpl::~DeepNodeListImpl()
                0x000000000003d0c0                xercesc_2_8::DeepNodeListImpl::~DeepNodeListImpl()
                0x000000000003d0e0                xercesc_2_8::DeepNodeListImpl::reinitDeepNodeListImpl()
                0x000000000003d110                xercesc_2_8::DeepNodeListImpl::getLength()
                0x000000000003d130                xercesc_2_8::DeepNodeListImpl::item(unsigned int)
                0x000000000003d200                xercesc_2_8::DeepNodeListImpl::unreferenced()
                0x000000000003d240                xercesc_2_8::DeepNodeListImpl::DeepNodeListImpl(xercesc_2_8::NodeImpl*, xercesc_2_8::DOMString const&)
                0x000000000003d240                xercesc_2_8::DeepNodeListImpl::DeepNodeListImpl(xercesc_2_8::NodeImpl*, xercesc_2_8::DOMString const&)
                0x000000000003d350                xercesc_2_8::DeepNodeListImpl::DeepNodeListImpl(xercesc_2_8::NodeImpl*, xercesc_2_8::DOMString const&, xercesc_2_8::DOMString const&)
                0x000000000003d350                xercesc_2_8::DeepNodeListImpl::DeepNodeListImpl(xercesc_2_8::NodeImpl*, xercesc_2_8::DOMString const&, xercesc_2_8::DOMString const&)
 *fill*         0x000000000003d491        0xf 
 .text          0x000000000003d4a0      0x19b LINUX/depdom/DocumentFragmentImpl.o
                0x000000000003d4a0                xercesc_2_8::DocumentFragmentImpl::getNodeType()
                0x000000000003d4b0                xercesc_2_8::DocumentFragmentImpl::isDocumentFragmentImpl()
                0x000000000003d4c0                xercesc_2_8::DocumentFragmentImpl::~DocumentFragmentImpl()
                0x000000000003d4c0                xercesc_2_8::DocumentFragmentImpl::~DocumentFragmentImpl()
                0x000000000003d4e0                xercesc_2_8::DocumentFragmentImpl::~DocumentFragmentImpl()
                0x000000000003d500                xercesc_2_8::DocumentFragmentImpl::getNodeName()
                0x000000000003d540                xercesc_2_8::DocumentFragmentImpl::reinitDocumentFragmentImpl()
                0x000000000003d570                xercesc_2_8::DocumentFragmentImpl::DocumentFragmentImpl(xercesc_2_8::DocumentImpl*)
                0x000000000003d570                xercesc_2_8::DocumentFragmentImpl::DocumentFragmentImpl(xercesc_2_8::DocumentImpl*)
                0x000000000003d590                xercesc_2_8::DocumentFragmentImpl::DocumentFragmentImpl(xercesc_2_8::DocumentFragmentImpl const&, bool)
                0x000000000003d590                xercesc_2_8::DocumentFragmentImpl::DocumentFragmentImpl(xercesc_2_8::DocumentFragmentImpl const&, bool)
                0x000000000003d5e0                xercesc_2_8::DocumentFragmentImpl::cloneNode(bool)
 *fill*         0x000000000003d63b        0x5 
 .text          0x000000000003d640     0x2543 LINUX/depdom/DocumentImpl.o
                0x000000000003d640                xercesc_2_8::DocumentImpl::getNodeType()
                0x000000000003d650                xercesc_2_8::DocumentImpl::getOwnerDocument()
                0x000000000003d660                xercesc_2_8::DocumentImpl::isDocumentImpl()
                0x000000000003d670                xercesc_2_8::DocumentImpl::getDoctype()
                0x000000000003d680                xercesc_2_8::DocumentImpl::getDocumentElement()
                0x000000000003d690                xercesc_2_8::DocumentImpl::referenced()
                0x000000000003d6a0                xercesc_2_8::DocumentImpl::getRanges()
                0x000000000003d6b0                xercesc_2_8::DocumentImpl::changed()
                0x000000000003d6c0                xercesc_2_8::DocumentImpl::changes()
                0x000000000003d6d0                xercesc_2_8::DocumentImpl::reinitDocumentImpl()
                0x000000000003d700                xercesc_2_8::DocumentImpl::getNodeName()
                0x000000000003d740                xercesc_2_8::DocumentImpl::createCDATASection(xercesc_2_8::DOMString const&)
                0x000000000003d790                xercesc_2_8::DocumentImpl::createComment(xercesc_2_8::DOMString const&)
                0x000000000003d7e0                xercesc_2_8::DocumentImpl::createDocumentFragment()
                0x000000000003d820                xercesc_2_8::DocumentImpl::createElement(unsigned short const*)
                0x000000000003d8c0                xercesc_2_8::DocumentImpl::createTextNode(xercesc_2_8::DOMString const&)
                0x000000000003d910                xercesc_2_8::DocumentImpl::getElementsByTagName(xercesc_2_8::DOMString const&)
                0x000000000003d960                xercesc_2_8::DocumentImpl::insertBefore(xercesc_2_8::NodeImpl*, xercesc_2_8::NodeImpl*)
                0x000000000003da30                xercesc_2_8::DocumentImpl::unreferenced()
                0x000000000003da40                xercesc_2_8::DocumentImpl::getElementsByTagNameNS(xercesc_2_8::DOMString const&, xercesc_2_8::DOMString const&)
                0x000000000003daa0                xercesc_2_8::DocumentImpl::getElementById(xercesc_2_8::DOMString const&)
                0x000000000003daf0                xercesc_2_8::DocumentImpl::createXMLDecl(xercesc_2_8::DOMString const&, xercesc_2_8::DOMString const&, xercesc_2_8::DOMString const&)
                0x000000000003db50                xercesc_2_8::DocumentImpl::createRange()
                0x000000000003dd30                xercesc_2_8::DocumentImpl::removeChild(xercesc_2_8::NodeImpl*)
                0x000000000003dda0                xercesc_2_8::DocumentImpl::setUserData(void*)
                0x000000000003de00                xercesc_2_8::DocumentImpl::importNode(xercesc_2_8::NodeImpl*, bool)
                0x000000000003e880                xercesc_2_8::DocumentImpl::removeRange(xercesc_2_8::RangeImpl*)
                0x000000000003e8f0                xercesc_2_8::DocumentImpl::DocumentImpl(xercesc_2_8::MemoryManager*)
                0x000000000003e8f0                xercesc_2_8::DocumentImpl::DocumentImpl(xercesc_2_8::MemoryManager*)
                0x000000000003e9c0                xercesc_2_8::DocumentImpl::cloneNode(bool)
                0x000000000003ea60                xercesc_2_8::DocumentImpl::setDocumentType(xercesc_2_8::DocumentTypeImpl*)
                0x000000000003eb50                xercesc_2_8::DocumentImpl::isXMLName(xercesc_2_8::DOMString const&)
                0x000000000003eb90                xercesc_2_8::DocumentImpl::createAttribute(xercesc_2_8::DOMString const&)
                0x000000000003ec20                xercesc_2_8::DocumentImpl::createDocumentType(xercesc_2_8::DOMString const&)
                0x000000000003ecb0                xercesc_2_8::DocumentImpl::createDocumentType(xercesc_2_8::DOMString const&, xercesc_2_8::DOMString const&, xercesc_2_8::DOMString const&)
                0x000000000003ed50                xercesc_2_8::DocumentImpl::createElement(xercesc_2_8::DOMString const&)
                0x000000000003ee10                xercesc_2_8::DocumentImpl::createEntity(xercesc_2_8::DOMString const&)
                0x000000000003eea0                xercesc_2_8::DocumentImpl::createEntityReference(xercesc_2_8::DOMString const&)
                0x000000000003ef30                xercesc_2_8::DocumentImpl::createNotation(xercesc_2_8::DOMString const&)
                0x000000000003efc0                xercesc_2_8::DocumentImpl::createProcessingInstruction(xercesc_2_8::DOMString const&, xercesc_2_8::DOMString const&)
                0x000000000003f060                xercesc_2_8::DocumentImpl::createElementNS(xercesc_2_8::DOMString const&, xercesc_2_8::DOMString const&)
                0x000000000003f100                xercesc_2_8::DocumentImpl::DocumentImpl(xercesc_2_8::DOMString const&, xercesc_2_8::DOMString const&, xercesc_2_8::DocumentTypeImpl*, xercesc_2_8::MemoryManager*)
                0x000000000003f100                xercesc_2_8::DocumentImpl::DocumentImpl(xercesc_2_8::DOMString const&, xercesc_2_8::DOMString const&, xercesc_2_8::DocumentTypeImpl*, xercesc_2_8::MemoryManager*)
                0x000000000003f210                xercesc_2_8::DocumentImpl::createAttributeNS(xercesc_2_8::DOMString const&, xercesc_2_8::DOMString const&)
                0x000000000003f2a0                xercesc_2_8::DocumentImpl::indexofQualifiedName(xercesc_2_8::DOMString const&)
                0x000000000003f340                xercesc_2_8::DocumentImpl::isKidOK(xercesc_2_8::NodeImpl*, xercesc_2_8::NodeImpl*)
                0x000000000003f3e0                xercesc_2_8::DocumentImpl::createNodeIterator(xercesc_2_8::DOM_Node, unsigned long, xercesc_2_8::DOM_NodeFilter*, bool, xercesc_2_8::MemoryManager*)
                0x000000000003f560                xercesc_2_8::DocumentImpl::createTreeWalker(xercesc_2_8::DOM_Node, unsigned long, xercesc_2_8::DOM_NodeFilter*, bool, xercesc_2_8::MemoryManager*)
                0x000000000003f6f0                xercesc_2_8::DocumentImpl::~DocumentImpl()
                0x000000000003f6f0                xercesc_2_8::DocumentImpl::~DocumentImpl()
                0x000000000003f850                xercesc_2_8::DocumentImpl::~DocumentImpl()
                0x000000000003f870                xercesc_2_8::DocumentImpl::getUserData(xercesc_2_8::NodeImpl*)
                0x000000000003f8d0                xercesc_2_8::DocumentImpl::setUserData(xercesc_2_8::NodeImpl*, void*)
                0x000000000003fae0                xercesc_2_8::DocumentImpl::getUserData()
 *fill*         0x000000000003fb83        0xd 
 .text._ZNK11xercesc_2_824IllegalArgumentException7getTypeEv
                0x000000000003fb90        0xc LINUX/depdom/DocumentImpl.o
                0x000000000003fb90                xercesc_2_8::IllegalArgumentException::getType() const
 *fill*         0x000000000003fb9c        0x4 
 .text._ZNK11xercesc_2_822NoSuchElementException7getTypeEv
                0x000000000003fba0        0xc LINUX/depdom/DocumentImpl.o
                0x000000000003fba0                xercesc_2_8::NoSuchElementException::getType() const
 *fill*         0x000000000003fbac        0x4 
 .text._ZN11xercesc_2_811RefVectorOfINS_16NodeIteratorImplEED2Ev
                0x000000000003fbb0       0x5e LINUX/depdom/DocumentImpl.o
                0x000000000003fbb0                xercesc_2_8::RefVectorOf<xercesc_2_8::NodeIteratorImpl>::~RefVectorOf()
                0x000000000003fbb0                xercesc_2_8::RefVectorOf<xercesc_2_8::NodeIteratorImpl>::~RefVectorOf()
 *fill*         0x000000000003fc0e        0x2 
 .text._ZN11xercesc_2_811RefVectorOfINS_14TreeWalkerImplEED2Ev
                0x000000000003fc10       0x5e LINUX/depdom/DocumentImpl.o
                0x000000000003fc10                xercesc_2_8::RefVectorOf<xercesc_2_8::TreeWalkerImpl>::~RefVectorOf()
                0x000000000003fc10                xercesc_2_8::RefVectorOf<xercesc_2_8::TreeWalkerImpl>::~RefVectorOf()
 *fill*         0x000000000003fc6e        0x2 
 .text._ZN11xercesc_2_811RefVectorOfINS_9RangeImplEED2Ev
                0x000000000003fc70       0x5e LINUX/depdom/DocumentImpl.o
                0x000000000003fc70                xercesc_2_8::RefVectorOf<xercesc_2_8::RangeImpl>::~RefVectorOf()
                0x000000000003fc70                xercesc_2_8::RefVectorOf<xercesc_2_8::RangeImpl>::~RefVectorOf()
 *fill*         0x000000000003fcce        0x2 
 .text._ZN11xercesc_2_815BaseRefVectorOfINS_16NodeIteratorImplEED2Ev
                0x000000000003fcd0        0x5 LINUX/depdom/DocumentImpl.o
                0x000000000003fcd0                xercesc_2_8::BaseRefVectorOf<xercesc_2_8::NodeIteratorImpl>::~BaseRefVectorOf()
                0x000000000003fcd0                xercesc_2_8::BaseRefVectorOf<xercesc_2_8::NodeIteratorImpl>::~BaseRefVectorOf()
 *fill*         0x000000000003fcd5        0xb 
 .text._ZN11xercesc_2_815BaseRefVectorOfINS_14TreeWalkerImplEED2Ev
                0x000000000003fce0        0x5 LINUX/depdom/DocumentImpl.o
                0x000000000003fce0                xercesc_2_8::BaseRefVectorOf<xercesc_2_8::TreeWalkerImpl>::~BaseRefVectorOf()
                0x000000000003fce0                xercesc_2_8::BaseRefVectorOf<xercesc_2_8::TreeWalkerImpl>::~BaseRefVectorOf()
 *fill*         0x000000000003fce5        0xb 
 .text._ZN11xercesc_2_815BaseRefVectorOfINS_9RangeImplEED2Ev
                0x000000000003fcf0        0x5 LINUX/depdom/DocumentImpl.o
                0x000000000003fcf0                xercesc_2_8::BaseRefVectorOf<xercesc_2_8::RangeImpl>::~BaseRefVectorOf()
                0x000000000003fcf0                xercesc_2_8::BaseRefVectorOf<xercesc_2_8::RangeImpl>::~BaseRefVectorOf()
 *fill*         0x000000000003fcf5        0xb 
 .text._ZN11xercesc_2_815BaseRefVectorOfINS_9RangeImplEE17removeAllElementsEv
                0x000000000003fd00       0x68 LINUX/depdom/DocumentImpl.o
                0x000000000003fd00                xercesc_2_8::BaseRefVectorOf<xercesc_2_8::RangeImpl>::removeAllElements()
 *fill*         0x000000000003fd68        0x8 
 .text._ZN11xercesc_2_815BaseRefVectorOfINS_9RangeImplEE17removeLastElementEv
                0x000000000003fd70       0x31 LINUX/depdom/DocumentImpl.o
                0x000000000003fd70                xercesc_2_8::BaseRefVectorOf<xercesc_2_8::RangeImpl>::removeLastElement()
 *fill*         0x000000000003fda1        0xf 
 .text._ZN11xercesc_2_815BaseRefVectorOfINS_9RangeImplEE7cleanupEv
                0x000000000003fdb0       0x50 LINUX/depdom/DocumentImpl.o
                0x000000000003fdb0                xercesc_2_8::BaseRefVectorOf<xercesc_2_8::RangeImpl>::cleanup()
 .text._ZN11xercesc_2_815BaseRefVectorOfINS_14TreeWalkerImplEE17removeAllElementsEv
                0x000000000003fe00       0x68 LINUX/depdom/DocumentImpl.o
                0x000000000003fe00                xercesc_2_8::BaseRefVectorOf<xercesc_2_8::TreeWalkerImpl>::removeAllElements()
 *fill*         0x000000000003fe68        0x8 
 .text._ZN11xercesc_2_815BaseRefVectorOfINS_14TreeWalkerImplEE17removeLastElementEv
                0x000000000003fe70       0x31 LINUX/depdom/DocumentImpl.o
                0x000000000003fe70                xercesc_2_8::BaseRefVectorOf<xercesc_2_8::TreeWalkerImpl>::removeLastElement()
 *fill*         0x000000000003fea1        0xf 
 .text._ZN11xercesc_2_815BaseRefVectorOfINS_14TreeWalkerImplEE7cleanupEv
                0x000000000003feb0       0x50 LINUX/depdom/DocumentImpl.o
                0x000000000003feb0                xercesc_2_8::BaseRefVectorOf<xercesc_2_8::TreeWalkerImpl>::cleanup()
 .text._ZN11xercesc_2_815BaseRefVectorOfINS_16NodeIteratorImplEE17removeAllElementsEv
                0x000000000003ff00       0x68 LINUX/depdom/DocumentImpl.o
                0x000000000003ff00                xercesc_2_8::BaseRefVectorOf<xercesc_2_8::NodeIteratorImpl>::removeAllElements()
 *fill*         0x000000000003ff68        0x8 
 .text._ZN11xercesc_2_815BaseRefVectorOfINS_16NodeIteratorImplEE17removeLastElementEv
                0x000000000003ff70       0x31 LINUX/depdom/DocumentImpl.o
                0x000000000003ff70                xercesc_2_8::BaseRefVectorOf<xercesc_2_8::NodeIteratorImpl>::removeLastElement()
 *fill*         0x000000000003ffa1        0xf 
 .text._ZN11xercesc_2_815BaseRefVectorOfINS_16NodeIteratorImplEE7cleanupEv
                0x000000000003ffb0       0x50 LINUX/depdom/DocumentImpl.o
                0x000000000003ffb0                xercesc_2_8::BaseRefVectorOf<xercesc_2_8::NodeIteratorImpl>::cleanup()
 .text._ZN11xercesc_2_811RefVectorOfINS_16NodeIteratorImplEED0Ev
                0x0000000000040000       0x16 LINUX/depdom/DocumentImpl.o
                0x0000000000040000                xercesc_2_8::RefVectorOf<xercesc_2_8::NodeIteratorImpl>::~RefVectorOf()
 *fill*         0x0000000000040016        0xa 
 .text._ZN11xercesc_2_815BaseRefVectorOfINS_16NodeIteratorImplEED0Ev
                0x0000000000040020        0x9 LINUX/depdom/DocumentImpl.o
                0x0000000000040020                xercesc_2_8::BaseRefVectorOf<xercesc_2_8::NodeIteratorImpl>::~BaseRefVectorOf()
 *fill*         0x0000000000040029        0x7 
 .text._ZN11xercesc_2_811RefVectorOfINS_14TreeWalkerImplEED0Ev
                0x0000000000040030       0x16 LINUX/depdom/DocumentImpl.o
                0x0000000000040030                xercesc_2_8::RefVectorOf<xercesc_2_8::TreeWalkerImpl>::~RefVectorOf()
 *fill*         0x0000000000040046        0xa 
 .text._ZN11xercesc_2_815BaseRefVectorOfINS_14TreeWalkerImplEED0Ev
                0x0000000000040050        0x9 LINUX/depdom/DocumentImpl.o
                0x0000000000040050                xercesc_2_8::BaseRefVectorOf<xercesc_2_8::TreeWalkerImpl>::~BaseRefVectorOf()
 *fill*         0x0000000000040059        0x7 
 .text._ZN11xercesc_2_811RefVectorOfINS_9RangeImplEED0Ev
                0x0000000000040060       0x16 LINUX/depdom/DocumentImpl.o
                0x0000000000040060                xercesc_2_8::RefVectorOf<xercesc_2_8::RangeImpl>::~RefVectorOf()
 *fill*         0x0000000000040076        0xa 
 .text._ZN11xercesc_2_815BaseRefVectorOfINS_9RangeImplEED0Ev
                0x0000000000040080        0x9 LINUX/depdom/DocumentImpl.o
                0x0000000000040080                xercesc_2_8::BaseRefVectorOf<xercesc_2_8::RangeImpl>::~BaseRefVectorOf()
 *fill*         0x0000000000040089        0x7 
 .text._ZN11xercesc_2_824IllegalArgumentExceptionD2Ev
                0x0000000000040090       0x17 LINUX/depdom/DocumentImpl.o
                0x0000000000040090                xercesc_2_8::IllegalArgumentException::~IllegalArgumentException()
                0x0000000000040090                xercesc_2_8::IllegalArgumentException::~IllegalArgumentException()
 *fill*         0x00000000000400a7        0x9 
 .text._ZN11xercesc_2_824IllegalArgumentExceptionD0Ev
                0x00000000000400b0       0x24 LINUX/depdom/DocumentImpl.o
                0x00000000000400b0                xercesc_2_8::IllegalArgumentException::~IllegalArgumentException()
 *fill*         0x00000000000400d4        0xc 
 .text._ZN11xercesc_2_822NoSuchElementExceptionD2Ev
                0x00000000000400e0       0x17 LINUX/depdom/DocumentImpl.o
                0x00000000000400e0                xercesc_2_8::NoSuchElementException::~NoSuchElementException()
                0x00000000000400e0                xercesc_2_8::NoSuchElementException::~NoSuchElementException()
 *fill*         0x00000000000400f7        0x9 
 .text._ZN11xercesc_2_822NoSuchElementExceptionD0Ev
                0x0000000000040100       0x24 LINUX/depdom/DocumentImpl.o
                0x0000000000040100                xercesc_2_8::NoSuchElementException::~NoSuchElementException()
 *fill*         0x0000000000040124        0xc 
 .text._ZNK11xercesc_2_824IllegalArgumentException9duplicateEv
                0x0000000000040130       0x59 LINUX/depdom/DocumentImpl.o
                0x0000000000040130                xercesc_2_8::IllegalArgumentException::duplicate() const
 *fill*         0x0000000000040189        0x7 
 .text._ZNK11xercesc_2_822NoSuchElementException9duplicateEv
                0x0000000000040190       0x59 LINUX/depdom/DocumentImpl.o
                0x0000000000040190                xercesc_2_8::NoSuchElementException::duplicate() const
 *fill*         0x00000000000401e9        0x7 
 .text._ZN11xercesc_2_830ArrayIndexOutOfBoundsExceptionC2EPKcjNS_10XMLExcepts5CodesEPNS_13MemoryManagerE
                0x00000000000401f0       0x52 LINUX/depdom/DocumentImpl.o
                0x00000000000401f0                xercesc_2_8::ArrayIndexOutOfBoundsException::ArrayIndexOutOfBoundsException(char const*, unsigned int, xercesc_2_8::XMLExcepts::Codes, xercesc_2_8::MemoryManager*)
                0x00000000000401f0                xercesc_2_8::ArrayIndexOutOfBoundsException::ArrayIndexOutOfBoundsException(char const*, unsigned int, xercesc_2_8::XMLExcepts::Codes, xercesc_2_8::MemoryManager*)
 *fill*         0x0000000000040242        0xe 
 .text._ZN11xercesc_2_815BaseRefVectorOfINS_16NodeIteratorImplEE15removeElementAtEj
                0x0000000000040250       0xf8 LINUX/depdom/DocumentImpl.o
                0x0000000000040250                xercesc_2_8::BaseRefVectorOf<xercesc_2_8::NodeIteratorImpl>::removeElementAt(unsigned int)
 *fill*         0x0000000000040348        0x8 
 .text._ZN11xercesc_2_815BaseRefVectorOfINS_16NodeIteratorImplEE12setElementAtEPS1_j
                0x0000000000040350       0x9e LINUX/depdom/DocumentImpl.o
                0x0000000000040350                xercesc_2_8::BaseRefVectorOf<xercesc_2_8::NodeIteratorImpl>::setElementAt(xercesc_2_8::NodeIteratorImpl*, unsigned int)
 *fill*         0x00000000000403ee        0x2 
 .text._ZN11xercesc_2_815BaseRefVectorOfINS_14TreeWalkerImplEE15removeElementAtEj
                0x00000000000403f0       0xf8 LINUX/depdom/DocumentImpl.o
                0x00000000000403f0                xercesc_2_8::BaseRefVectorOf<xercesc_2_8::TreeWalkerImpl>::removeElementAt(unsigned int)
 *fill*         0x00000000000404e8        0x8 
 .text._ZN11xercesc_2_815BaseRefVectorOfINS_14TreeWalkerImplEE12setElementAtEPS1_j
                0x00000000000404f0       0x9e LINUX/depdom/DocumentImpl.o
                0x00000000000404f0                xercesc_2_8::BaseRefVectorOf<xercesc_2_8::TreeWalkerImpl>::setElementAt(xercesc_2_8::TreeWalkerImpl*, unsigned int)
 *fill*         0x000000000004058e        0x2 
 .text._ZN11xercesc_2_815BaseRefVectorOfINS_9RangeImplEE15removeElementAtEj
                0x0000000000040590       0xf8 LINUX/depdom/DocumentImpl.o
                0x0000000000040590                xercesc_2_8::BaseRefVectorOf<xercesc_2_8::RangeImpl>::removeElementAt(unsigned int)
 *fill*         0x0000000000040688        0x8 
 .text._ZN11xercesc_2_815BaseRefVectorOfINS_9RangeImplEE12setElementAtEPS1_j
                0x0000000000040690       0x9e LINUX/depdom/DocumentImpl.o
                0x0000000000040690                xercesc_2_8::BaseRefVectorOf<xercesc_2_8::RangeImpl>::setElementAt(xercesc_2_8::RangeImpl*, unsigned int)
 *fill*         0x000000000004072e        0x2 
 .text._ZN11xercesc_2_815BaseRefVectorOfINS_16NodeIteratorImplEE10addElementEPS1_
                0x0000000000040730       0xbe LINUX/depdom/DocumentImpl.o
                0x0000000000040730                xercesc_2_8::BaseRefVectorOf<xercesc_2_8::NodeIteratorImpl>::addElement(xercesc_2_8::NodeIteratorImpl*)
 *fill*         0x00000000000407ee        0x2 
 .text._ZN11xercesc_2_815BaseRefVectorOfINS_14TreeWalkerImplEE10addElementEPS1_
                0x00000000000407f0       0xbe LINUX/depdom/DocumentImpl.o
                0x00000000000407f0                xercesc_2_8::BaseRefVectorOf<xercesc_2_8::TreeWalkerImpl>::addElement(xercesc_2_8::TreeWalkerImpl*)
 *fill*         0x00000000000408ae        0x2 
 .text._ZN11xercesc_2_814RefHashTableOfIvE9removeKeyEPKv
                0x00000000000408b0      0x128 LINUX/depdom/DocumentImpl.o
                0x00000000000408b0                xercesc_2_8::RefHashTableOf<void>::removeKey(void const*)
 *fill*         0x00000000000409d8        0x8 
 .text._ZN11xercesc_2_814RefHashTableOfIvE7cleanupEv
                0x00000000000409e0       0xca LINUX/depdom/DocumentImpl.o
                0x00000000000409e0                xercesc_2_8::RefHashTableOf<void>::cleanup()
 *fill*         0x0000000000040aaa        0x6 
 .text._ZN11xercesc_2_814RefHashTableOfIvE6rehashEv
                0x0000000000040ab0      0x104 LINUX/depdom/DocumentImpl.o
                0x0000000000040ab0                xercesc_2_8::RefHashTableOf<void>::rehash()
 *fill*         0x0000000000040bb4        0xc 
 .text._ZN11xercesc_2_814RefHashTableOfIvE14findBucketElemEPKvRj
                0x0000000000040bc0       0x7b LINUX/depdom/DocumentImpl.o
                0x0000000000040bc0                xercesc_2_8::RefHashTableOf<void>::findBucketElem(void const*, unsigned int&)
 *fill*         0x0000000000040c3b        0x5 
 .text          0x0000000000040c40      0x95c LINUX/depdom/DocumentTypeImpl.o
                0x0000000000040c40                xercesc_2_8::DocumentTypeImpl::getNodeType()
                0x0000000000040c50                xercesc_2_8::DocumentTypeImpl::getEntities()
                0x0000000000040c60                xercesc_2_8::DocumentTypeImpl::getElements()
                0x0000000000040c70                xercesc_2_8::DocumentTypeImpl::getNotations()
                0x0000000000040c80                xercesc_2_8::DocumentTypeImpl::isDocumentTypeImpl()
                0x0000000000040c90                xercesc_2_8::DocumentTypeImpl::getName()
                0x0000000000040c90                xercesc_2_8::DocumentTypeImpl::getNodeName()
                0x0000000000040cb0                xercesc_2_8::DocumentTypeImpl::getPublicId()
                0x0000000000040cd0                xercesc_2_8::DocumentTypeImpl::getSystemId()
                0x0000000000040cf0                xercesc_2_8::DocumentTypeImpl::getInternalSubset()
                0x0000000000040d10                xercesc_2_8::DocumentTypeImpl::~DocumentTypeImpl()
                0x0000000000040d10                xercesc_2_8::DocumentTypeImpl::~DocumentTypeImpl()
                0x0000000000040db0                xercesc_2_8::DocumentTypeImpl::~DocumentTypeImpl()
                0x0000000000040dd0                xercesc_2_8::DocumentTypeImpl::setOwnerDocument(xercesc_2_8::DocumentImpl*)
                0x0000000000040e10                xercesc_2_8::DocumentTypeImpl::setReadOnly(bool, bool)
                0x0000000000040e60                xercesc_2_8::DocumentTypeImpl::setPublicId(xercesc_2_8::DOMString const&)
                0x0000000000040ef0                xercesc_2_8::DocumentTypeImpl::setSystemId(xercesc_2_8::DOMString const&)
                0x0000000000040f80                xercesc_2_8::DocumentTypeImpl::setInternalSubset(xercesc_2_8::DOMString const&)
                0x0000000000041010                xercesc_2_8::DocumentTypeImpl::DocumentTypeImpl(xercesc_2_8::DocumentImpl*, xercesc_2_8::DOMString const&)
                0x0000000000041010                xercesc_2_8::DocumentTypeImpl::DocumentTypeImpl(xercesc_2_8::DocumentImpl*, xercesc_2_8::DOMString const&)
                0x00000000000411b0                xercesc_2_8::DocumentTypeImpl::DocumentTypeImpl(xercesc_2_8::DocumentImpl*, xercesc_2_8::DOMString const&, xercesc_2_8::DOMString const&, xercesc_2_8::DOMString const&)
                0x00000000000411b0                xercesc_2_8::DocumentTypeImpl::DocumentTypeImpl(xercesc_2_8::DocumentImpl*, xercesc_2_8::DOMString const&, xercesc_2_8::DOMString const&, xercesc_2_8::DOMString const&)
                0x0000000000041350                xercesc_2_8::DocumentTypeImpl::DocumentTypeImpl(xercesc_2_8::DocumentTypeImpl const&, bool)
                0x0000000000041350                xercesc_2_8::DocumentTypeImpl::DocumentTypeImpl(xercesc_2_8::DocumentTypeImpl const&, bool)
                0x0000000000041550                xercesc_2_8::DocumentTypeImpl::cloneNode(bool)
                0x0000000000041590                xercesc_2_8::DocumentTypeImpl::isIntSubsetReading()
 *fill*         0x000000000004159c        0x4 
 .text          0x00000000000415a0      0x162 LINUX/depdom/DOM_Attr.o
                0x00000000000415a0                xercesc_2_8::DOM_Attr::DOM_Attr()
                0x00000000000415a0                xercesc_2_8::DOM_Attr::DOM_Attr()
                0x00000000000415b0                xercesc_2_8::DOM_Attr::DOM_Attr(xercesc_2_8::DOM_Attr const&)
                0x00000000000415b0                xercesc_2_8::DOM_Attr::DOM_Attr(xercesc_2_8::DOM_Attr const&)
                0x00000000000415c0                xercesc_2_8::DOM_Attr::DOM_Attr(xercesc_2_8::AttrImpl*)
                0x00000000000415c0                xercesc_2_8::DOM_Attr::DOM_Attr(xercesc_2_8::AttrImpl*)
                0x00000000000415d0                xercesc_2_8::DOM_Attr::~DOM_Attr()
                0x00000000000415d0                xercesc_2_8::DOM_Attr::~DOM_Attr()
                0x00000000000415e0                xercesc_2_8::DOM_Attr::operator=(xercesc_2_8::DOM_Attr const&)
                0x00000000000415f0                xercesc_2_8::DOM_Attr::operator=(xercesc_2_8::DOM_NullPtr const*)
                0x0000000000041600                xercesc_2_8::DOM_Attr::getName() const
                0x0000000000041670                xercesc_2_8::DOM_Attr::getSpecified() const
                0x0000000000041680                xercesc_2_8::DOM_Attr::getValue() const
                0x00000000000416d0                xercesc_2_8::DOM_Attr::setValue(xercesc_2_8::DOMString const&)
                0x00000000000416e0                xercesc_2_8::DOM_Attr::getOwnerElement() const
 *fill*         0x0000000000041702        0xe 
 .text          0x0000000000041710       0x59 LINUX/depdom/DOM_CDATASection.o
                0x0000000000041710                xercesc_2_8::DOM_CDATASection::DOM_CDATASection()
                0x0000000000041710                xercesc_2_8::DOM_CDATASection::DOM_CDATASection()
                0x0000000000041720                xercesc_2_8::DOM_CDATASection::DOM_CDATASection(xercesc_2_8::DOM_CDATASection const&)
                0x0000000000041720                xercesc_2_8::DOM_CDATASection::DOM_CDATASection(xercesc_2_8::DOM_CDATASection const&)
                0x0000000000041730                xercesc_2_8::DOM_CDATASection::DOM_CDATASection(xercesc_2_8::CDATASectionImpl*)
                0x0000000000041730                xercesc_2_8::DOM_CDATASection::DOM_CDATASection(xercesc_2_8::CDATASectionImpl*)
                0x0000000000041740                xercesc_2_8::DOM_CDATASection::~DOM_CDATASection()
                0x0000000000041740                xercesc_2_8::DOM_CDATASection::~DOM_CDATASection()
                0x0000000000041750                xercesc_2_8::DOM_CDATASection::operator=(xercesc_2_8::DOM_CDATASection const&)
                0x0000000000041760                xercesc_2_8::DOM_CDATASection::operator=(xercesc_2_8::DOM_NullPtr const*)
 *fill*         0x0000000000041769        0x7 
 .text          0x0000000000041770      0x170 LINUX/depdom/DOM_CharacterData.o
                0x0000000000041770                xercesc_2_8::DOM_CharacterData::DOM_CharacterData()
                0x0000000000041770                xercesc_2_8::DOM_CharacterData::DOM_CharacterData()
                0x0000000000041780                xercesc_2_8::DOM_CharacterData::DOM_CharacterData(xercesc_2_8::CharacterDataImpl*)
                0x0000000000041780                xercesc_2_8::DOM_CharacterData::DOM_CharacterData(xercesc_2_8::CharacterDataImpl*)
                0x0000000000041790                xercesc_2_8::DOM_CharacterData::DOM_CharacterData(xercesc_2_8::DOM_CharacterData const&)
                0x0000000000041790                xercesc_2_8::DOM_CharacterData::DOM_CharacterData(xercesc_2_8::DOM_CharacterData const&)
                0x00000000000417a0                xercesc_2_8::DOM_CharacterData::~DOM_CharacterData()
                0x00000000000417a0                xercesc_2_8::DOM_CharacterData::~DOM_CharacterData()
                0x00000000000417b0                xercesc_2_8::DOM_CharacterData::operator=(xercesc_2_8::DOM_CharacterData const&)
                0x00000000000417c0                xercesc_2_8::DOM_CharacterData::operator=(xercesc_2_8::DOM_NullPtr const*)
                0x00000000000417d0                xercesc_2_8::DOM_CharacterData::getData() const
                0x0000000000041830                xercesc_2_8::DOM_CharacterData::setData(xercesc_2_8::DOMString const&)
                0x0000000000041840                xercesc_2_8::DOM_CharacterData::getLength() const
                0x0000000000041850                xercesc_2_8::DOM_CharacterData::substringData(unsigned int, unsigned int) const
                0x00000000000418a0                xercesc_2_8::DOM_CharacterData::appendData(xercesc_2_8::DOMString const&)
                0x00000000000418b0                xercesc_2_8::DOM_CharacterData::insertData(unsigned int, xercesc_2_8::DOMString const&)
                0x00000000000418c0                xercesc_2_8::DOM_CharacterData::deleteData(unsigned int, unsigned int)
                0x00000000000418d0                xercesc_2_8::DOM_CharacterData::replaceData(unsigned int, unsigned int, xercesc_2_8::DOMString const&)
 .text          0x00000000000418e0       0x59 LINUX/depdom/DOM_Comment.o
                0x00000000000418e0                xercesc_2_8::DOM_Comment::DOM_Comment()
                0x00000000000418e0                xercesc_2_8::DOM_Comment::DOM_Comment()
                0x00000000000418f0                xercesc_2_8::DOM_Comment::DOM_Comment(xercesc_2_8::DOM_Comment const&)
                0x00000000000418f0                xercesc_2_8::DOM_Comment::DOM_Comment(xercesc_2_8::DOM_Comment const&)
                0x0000000000041900                xercesc_2_8::DOM_Comment::DOM_Comment(xercesc_2_8::CommentImpl*)
                0x0000000000041900                xercesc_2_8::DOM_Comment::DOM_Comment(xercesc_2_8::CommentImpl*)
                0x0000000000041910                xercesc_2_8::DOM_Comment::~DOM_Comment()
                0x0000000000041910                xercesc_2_8::DOM_Comment::~DOM_Comment()
                0x0000000000041920                xercesc_2_8::DOM_Comment::operator=(xercesc_2_8::DOM_Comment const&)
                0x0000000000041930                xercesc_2_8::DOM_Comment::operator=(xercesc_2_8::DOM_NullPtr const*)
 *fill*         0x0000000000041939        0x7 
 .text          0x0000000000041940       0x59 LINUX/depdom/DOM_DocumentFragment.o
                0x0000000000041940                xercesc_2_8::DOM_DocumentFragment::DOM_DocumentFragment()
                0x0000000000041940                xercesc_2_8::DOM_DocumentFragment::DOM_DocumentFragment()
                0x0000000000041950                xercesc_2_8::DOM_DocumentFragment::DOM_DocumentFragment(xercesc_2_8::DOM_DocumentFragment const&)
                0x0000000000041950                xercesc_2_8::DOM_DocumentFragment::DOM_DocumentFragment(xercesc_2_8::DOM_DocumentFragment const&)
                0x0000000000041960                xercesc_2_8::DOM_DocumentFragment::DOM_DocumentFragment(xercesc_2_8::DocumentFragmentImpl*)
                0x0000000000041960                xercesc_2_8::DOM_DocumentFragment::DOM_DocumentFragment(xercesc_2_8::DocumentFragmentImpl*)
                0x0000000000041970                xercesc_2_8::DOM_DocumentFragment::~DOM_DocumentFragment()
                0x0000000000041970                xercesc_2_8::DOM_DocumentFragment::~DOM_DocumentFragment()
                0x0000000000041980                xercesc_2_8::DOM_DocumentFragment::operator=(xercesc_2_8::DOM_DocumentFragment const&)
                0x0000000000041990                xercesc_2_8::DOM_DocumentFragment::operator=(xercesc_2_8::DOM_NullPtr const*)
 *fill*         0x0000000000041999        0x7 
 .text          0x00000000000419a0      0x64f LINUX/depdom/DOM_Document.o
                0x00000000000419a0                xercesc_2_8::DOM_Document::DOM_Document(xercesc_2_8::DocumentImpl*)
                0x00000000000419a0                xercesc_2_8::DOM_Document::DOM_Document(xercesc_2_8::DocumentImpl*)
                0x00000000000419b0                xercesc_2_8::DOM_Document::DOM_Document()
                0x00000000000419b0                xercesc_2_8::DOM_Document::DOM_Document()
                0x00000000000419c0                xercesc_2_8::DOM_Document::DOM_Document(xercesc_2_8::DOM_Document const&)
                0x00000000000419c0                xercesc_2_8::DOM_Document::DOM_Document(xercesc_2_8::DOM_Document const&)
                0x00000000000419d0                xercesc_2_8::DOM_Document::~DOM_Document()
                0x00000000000419d0                xercesc_2_8::DOM_Document::~DOM_Document()
                0x00000000000419e0                xercesc_2_8::DOM_Document::operator=(xercesc_2_8::DOM_Document const&)
                0x00000000000419f0                xercesc_2_8::DOM_Document::operator=(xercesc_2_8::DOM_NullPtr const*)
                0x0000000000041a00                xercesc_2_8::DOM_Document::createDocument(xercesc_2_8::MemoryManager*)
                0x0000000000041a50                xercesc_2_8::DOM_Document::createNotation(xercesc_2_8::DOMString const&)
                0x0000000000041a80                xercesc_2_8::DOM_Document::getDoctype() const
                0x0000000000041ab0                xercesc_2_8::DOM_Document::getImplementation() const
                0x0000000000041ac0                xercesc_2_8::DOM_Document::getDocumentElement() const
                0x0000000000041af0                xercesc_2_8::DOM_Document::createElement(xercesc_2_8::DOMString const&)
                0x0000000000041b20                xercesc_2_8::DOM_Document::createElement(unsigned short const*)
                0x0000000000041b50                xercesc_2_8::DOM_Document::createEntity(xercesc_2_8::DOMString const&)
                0x0000000000041b80                xercesc_2_8::DOM_Document::createDocumentFragment()
                0x0000000000041bb0                xercesc_2_8::DOM_Document::createDocumentType(xercesc_2_8::DOMString const&)
                0x0000000000041be0                xercesc_2_8::DOM_Document::createTextNode(xercesc_2_8::DOMString const&)
                0x0000000000041c10                xercesc_2_8::DOM_Document::createComment(xercesc_2_8::DOMString const&)
                0x0000000000041c40                xercesc_2_8::DOM_Document::createCDATASection(xercesc_2_8::DOMString const&)
                0x0000000000041c70                xercesc_2_8::DOM_Document::createProcessingInstruction(xercesc_2_8::DOMString const&, xercesc_2_8::DOMString const&)
                0x0000000000041ca0                xercesc_2_8::DOM_Document::createAttribute(xercesc_2_8::DOMString const&)
                0x0000000000041cd0                xercesc_2_8::DOM_Document::createEntityReference(xercesc_2_8::DOMString const&)
                0x0000000000041d00                xercesc_2_8::DOM_Document::createNodeIterator(xercesc_2_8::DOM_Node, unsigned long, xercesc_2_8::DOM_NodeFilter*, bool)
                0x0000000000041da0                xercesc_2_8::DOM_Document::createTreeWalker(xercesc_2_8::DOM_Node, unsigned long, xercesc_2_8::DOM_NodeFilter*, bool)
                0x0000000000041e40                xercesc_2_8::DOM_Document::getElementsByTagName(xercesc_2_8::DOMString const&) const
                0x0000000000041e70                xercesc_2_8::DOM_Document::importNode(xercesc_2_8::DOM_Node const&, bool)
                0x0000000000041ea0                xercesc_2_8::DOM_Document::createElementNS(xercesc_2_8::DOMString const&, xercesc_2_8::DOMString const&)
                0x0000000000041ed0                xercesc_2_8::DOM_Document::createAttributeNS(xercesc_2_8::DOMString const&, xercesc_2_8::DOMString const&)
                0x0000000000041f00                xercesc_2_8::DOM_Document::getElementsByTagNameNS(xercesc_2_8::DOMString const&, xercesc_2_8::DOMString const&) const
                0x0000000000041f30                xercesc_2_8::DOM_Document::getElementById(xercesc_2_8::DOMString const&)
                0x0000000000041f60                xercesc_2_8::DOM_Document::createXMLDecl(xercesc_2_8::DOMString const&, xercesc_2_8::DOMString const&, xercesc_2_8::DOMString const&)
                0x0000000000041fa0                xercesc_2_8::DOM_Document::createRange()
                0x0000000000041fd0                xercesc_2_8::DOM_Document::setErrorChecking(bool)
                0x0000000000041fe0                xercesc_2_8::DOM_Document::getErrorChecking()
 *fill*         0x0000000000041fef        0x1 
 .text          0x0000000000041ff0      0x28f LINUX/depdom/DOM_DocumentType.o
                0x0000000000041ff0                xercesc_2_8::DOM_DocumentType::DOM_DocumentType()
                0x0000000000041ff0                xercesc_2_8::DOM_DocumentType::DOM_DocumentType()
                0x0000000000042000                xercesc_2_8::DOM_DocumentType::DOM_DocumentType(int)
                0x0000000000042000                xercesc_2_8::DOM_DocumentType::DOM_DocumentType(int)
                0x0000000000042010                xercesc_2_8::DOM_DocumentType::DOM_DocumentType(xercesc_2_8::DOM_DocumentType const&)
                0x0000000000042010                xercesc_2_8::DOM_DocumentType::DOM_DocumentType(xercesc_2_8::DOM_DocumentType const&)
                0x0000000000042020                xercesc_2_8::DOM_DocumentType::DOM_DocumentType(xercesc_2_8::DocumentTypeImpl*)
                0x0000000000042020                xercesc_2_8::DOM_DocumentType::DOM_DocumentType(xercesc_2_8::DocumentTypeImpl*)
                0x0000000000042030                xercesc_2_8::DOM_DocumentType::~DOM_DocumentType()
                0x0000000000042030                xercesc_2_8::DOM_DocumentType::~DOM_DocumentType()
                0x0000000000042040                xercesc_2_8::DOM_DocumentType::operator=(xercesc_2_8::DOM_DocumentType const&)
                0x0000000000042050                xercesc_2_8::DOM_DocumentType::operator=(xercesc_2_8::DOM_NullPtr const*)
                0x0000000000042060                xercesc_2_8::DOM_DocumentType::getName() const
                0x00000000000420d0                xercesc_2_8::DOM_DocumentType::getEntities() const
                0x0000000000042100                xercesc_2_8::DOM_DocumentType::getNotations() const
                0x0000000000042130                xercesc_2_8::DOM_DocumentType::getPublicId() const
                0x00000000000421a0                xercesc_2_8::DOM_DocumentType::getSystemId() const
                0x0000000000042210                xercesc_2_8::DOM_DocumentType::getInternalSubset() const
 *fill*         0x000000000004227f        0x1 
 .text          0x0000000000042280       0xe9 LINUX/depdom/DOM_DOMException.o
                0x0000000000042280                xercesc_2_8::DOM_DOMException::~DOM_DOMException()
                0x0000000000042280                xercesc_2_8::DOM_DOMException::~DOM_DOMException()
                0x00000000000422a0                xercesc_2_8::DOM_DOMException::~DOM_DOMException()
                0x00000000000422c0                xercesc_2_8::DOM_DOMException::DOM_DOMException()
                0x00000000000422c0                xercesc_2_8::DOM_DOMException::DOM_DOMException()
                0x00000000000422f0                xercesc_2_8::DOM_DOMException::DOM_DOMException(short, xercesc_2_8::DOMString const&)
                0x00000000000422f0                xercesc_2_8::DOM_DOMException::DOM_DOMException(short, xercesc_2_8::DOMString const&)
                0x0000000000042330                xercesc_2_8::DOM_DOMException::DOM_DOMException(xercesc_2_8::DOM_DOMException const&)
                0x0000000000042330                xercesc_2_8::DOM_DOMException::DOM_DOMException(xercesc_2_8::DOM_DOMException const&)
 *fill*         0x0000000000042369        0x7 
 .text          0x0000000000042370      0x7c2 LINUX/depdom/DOM_DOMImplementation.o
                0x0000000000042370                xercesc_2_8::DOM_DOMImplementation::reinitDOM_DOMImplementation()
                0x0000000000042470                xercesc_2_8::DOM_DOMImplementation::DOM_DOMImplementation()
                0x0000000000042470                xercesc_2_8::DOM_DOMImplementation::DOM_DOMImplementation()
                0x0000000000042480                xercesc_2_8::DOM_DOMImplementation::DOM_DOMImplementation(xercesc_2_8::DOM_DOMImplementation const&)
                0x0000000000042480                xercesc_2_8::DOM_DOMImplementation::DOM_DOMImplementation(xercesc_2_8::DOM_DOMImplementation const&)
                0x0000000000042490                xercesc_2_8::DOM_DOMImplementation::~DOM_DOMImplementation()
                0x0000000000042490                xercesc_2_8::DOM_DOMImplementation::~DOM_DOMImplementation()
                0x00000000000424e0                xercesc_2_8::DOM_DOMImplementation::operator=(xercesc_2_8::DOM_DOMImplementation const&)
                0x00000000000424f0                xercesc_2_8::DOM_DOMImplementation::getImplementation()
                0x00000000000425f0                xercesc_2_8::DOM_DOMImplementation::hasFeature(xercesc_2_8::DOMString const&, xercesc_2_8::DOMString const&)
                0x00000000000429b0                xercesc_2_8::DOM_DOMImplementation::createDocumentType(xercesc_2_8::DOMString const&, xercesc_2_8::DOMString const&, xercesc_2_8::DOMString const&)
                0x0000000000042ab0                xercesc_2_8::DOM_DOMImplementation::createDocument(xercesc_2_8::DOMString const&, xercesc_2_8::DOMString const&, xercesc_2_8::DOM_DocumentType const&, xercesc_2_8::MemoryManager*)
 *fill*         0x0000000000042b32        0xe 
 .text          0x0000000000042b40      0x370 LINUX/depdom/DOM_Element.o
                0x0000000000042b40                xercesc_2_8::DOM_Element::DOM_Element()
                0x0000000000042b40                xercesc_2_8::DOM_Element::DOM_Element()
                0x0000000000042b50                xercesc_2_8::DOM_Element::DOM_Element(xercesc_2_8::DOM_Element const&)
                0x0000000000042b50                xercesc_2_8::DOM_Element::DOM_Element(xercesc_2_8::DOM_Element const&)
                0x0000000000042b60                xercesc_2_8::DOM_Element::DOM_Element(xercesc_2_8::ElementImpl*)
                0x0000000000042b60                xercesc_2_8::DOM_Element::DOM_Element(xercesc_2_8::ElementImpl*)